# 第一题
## 问题
使用 GCLogAnalysis.java 自己演练一遍串行/并行/CMS/G1的案例。
## 答案
### 并行GC
```shell script
➜  03-GC日志分析 java -XX:+PrintGCDetails -XX:+PrintGCDateStamps -XX:+PrintHeapAtGC GCLogAnalysis
正在执行...
{Heap before GC invocations=1 (full 0):
 PSYoungGen      total 76288K, used 65536K [0x000000076ab00000, 0x0000000770000000, 0x00000007c0000000)
  eden space 65536K, 100% used [0x000000076ab00000,0x000000076eb00000,0x000000076eb00000)
  from space 10752K, 0% used [0x000000076f580000,0x000000076f580000,0x0000000770000000)
  to   space 10752K, 0% used [0x000000076eb00000,0x000000076eb00000,0x000000076f580000)
 ParOldGen       total 175104K, used 0K [0x00000006c0000000, 0x00000006cab00000, 0x000000076ab00000)
  object space 175104K, 0% used [0x00000006c0000000,0x00000006c0000000,0x00000006cab00000)
 Metaspace       used 2725K, capacity 4486K, committed 4864K, reserved 1056768K
  class space    used 297K, capacity 386K, committed 512K, reserved 1048576K

# 2020-10-29T20:24:24.573-0800: [GC (Allocation Failure) [PSYoungGen: 65536K->10748K(76288K)] 65536K->20335K(251392K), 0.0073606 secs] [Times: user=0.01 sys=0.05, real=0.01 secs]


Heap after GC invocations=1 (full 0):
 PSYoungGen      total 76288K, used 10748K [0x000000076ab00000, 0x0000000774000000, 0x00000007c0000000)
  eden space 65536K, 0% used [0x000000076ab00000,0x000000076ab00000,0x000000076eb00000)
  from space 10752K, 99% used [0x000000076eb00000,0x000000076f57f398,0x000000076f580000)
  to   space 10752K, 0% used [0x0000000773580000,0x0000000773580000,0x0000000774000000)
 ParOldGen       total 175104K, used 9586K [0x00000006c0000000, 0x00000006cab00000, 0x000000076ab00000)
  object space 175104K, 5% used [0x00000006c0000000,0x00000006c095cbf8,0x00000006cab00000)
 Metaspace       used 2725K, capacity 4486K, committed 4864K, reserved 1056768K
  class space    used 297K, capacity 386K, committed 512K, reserved 1048576K
}
{Heap before GC invocations=2 (full 0):
 PSYoungGen      total 76288K, used 75950K [0x000000076ab00000, 0x0000000774000000, 0x00000007c0000000)
  eden space 65536K, 99% used [0x000000076ab00000,0x000000076eaac650,0x000000076eb00000)
  from space 10752K, 99% used [0x000000076eb00000,0x000000076f57f398,0x000000076f580000)
  to   space 10752K, 0% used [0x0000000773580000,0x0000000773580000,0x0000000774000000)
 ParOldGen       total 175104K, used 9586K [0x00000006c0000000, 0x00000006cab00000, 0x000000076ab00000)
  object space 175104K, 5% used [0x00000006c0000000,0x00000006c095cbf8,0x00000006cab00000)
 Metaspace       used 2729K, capacity 4486K, committed 4864K, reserved 1056768K
  class space    used 297K, capacity 386K, committed 512K, reserved 1048576K


# 2020-10-29T20:24:24.592-0800: [GC (Allocation Failure) [PSYoungGen: 75950K->10744K(141824K)] 85537K->39074K(316928K), 0.0119019 secs] [Times: user=0.02 sys=0.07, real=0.01 secs]


Heap after GC invocations=2 (full 0):
 PSYoungGen      total 141824K, used 10744K [0x000000076ab00000, 0x0000000774000000, 0x00000007c0000000)
  eden space 131072K, 0% used [0x000000076ab00000,0x000000076ab00000,0x0000000772b00000)
  from space 10752K, 99% used [0x0000000773580000,0x0000000773ffe108,0x0000000774000000)
  to   space 10752K, 0% used [0x0000000772b00000,0x0000000772b00000,0x0000000773580000)
 ParOldGen       total 175104K, used 28330K [0x00000006c0000000, 0x00000006cab00000, 0x000000076ab00000)
  object space 175104K, 16% used [0x00000006c0000000,0x00000006c1baaae0,0x00000006cab00000)
 Metaspace       used 2729K, capacity 4486K, committed 4864K, reserved 1056768K
  class space    used 297K, capacity 386K, committed 512K, reserved 1048576K
}
{Heap before GC invocations=3 (full 0):
 PSYoungGen      total 141824K, used 141739K [0x000000076ab00000, 0x0000000774000000, 0x00000007c0000000)
  eden space 131072K, 99% used [0x000000076ab00000,0x0000000772aecc00,0x0000000772b00000)
  from space 10752K, 99% used [0x0000000773580000,0x0000000773ffe108,0x0000000774000000)
  to   space 10752K, 0% used [0x0000000772b00000,0x0000000772b00000,0x0000000773580000)
 ParOldGen       total 175104K, used 28330K [0x00000006c0000000, 0x00000006cab00000, 0x000000076ab00000)
  object space 175104K, 16% used [0x00000006c0000000,0x00000006c1baaae0,0x00000006cab00000)
 Metaspace       used 2729K, capacity 4486K, committed 4864K, reserved 1056768K
  class space    used 297K, capacity 386K, committed 512K, reserved 1048576K


# 2020-10-29T20:24:24.644-0800: [GC (Allocation Failure) [PSYoungGen: 141739K->10751K(141824K)] 170069K->81412K(316928K), 0.0207506 secs] [Times: user=0.02 sys=0.12, real=0.02 secs]


Heap after GC invocations=3 (full 0):
 PSYoungGen      total 141824K, used 10751K [0x000000076ab00000, 0x000000077c000000, 0x00000007c0000000)
  eden space 131072K, 0% used [0x000000076ab00000,0x000000076ab00000,0x0000000772b00000)
  from space 10752K, 99% used [0x0000000772b00000,0x000000077357fed8,0x0000000773580000)
  to   space 10752K, 0% used [0x000000077b580000,0x000000077b580000,0x000000077c000000)
 ParOldGen       total 175104K, used 70660K [0x00000006c0000000, 0x00000006cab00000, 0x000000076ab00000)
  object space 175104K, 40% used [0x00000006c0000000,0x00000006c45012a0,0x00000006cab00000)
 Metaspace       used 2729K, capacity 4486K, committed 4864K, reserved 1056768K
  class space    used 297K, capacity 386K, committed 512K, reserved 1048576K
}
{Heap before GC invocations=4 (full 0):
 PSYoungGen      total 141824K, used 141823K [0x000000076ab00000, 0x000000077c000000, 0x00000007c0000000)
  eden space 131072K, 100% used [0x000000076ab00000,0x0000000772b00000,0x0000000772b00000)
  from space 10752K, 99% used [0x0000000772b00000,0x000000077357fed8,0x0000000773580000)
  to   space 10752K, 0% used [0x000000077b580000,0x000000077b580000,0x000000077c000000)
 ParOldGen       total 175104K, used 70660K [0x00000006c0000000, 0x00000006cab00000, 0x000000076ab00000)
  object space 175104K, 40% used [0x00000006c0000000,0x00000006c45012a0,0x00000006cab00000)
 Metaspace       used 2729K, capacity 4486K, committed 4864K, reserved 1056768K
  class space    used 297K, capacity 386K, committed 512K, reserved 1048576K


# 2020-10-29T20:24:24.684-0800: [GC (Allocation Failure) [PSYoungGen: 141823K->10749K(272896K)] 212484K->125381K(448000K), 0.0226103 secs] [Times: user=0.03 sys=0.14, real=0.02 secs]


Heap after GC invocations=4 (full 0):
 PSYoungGen      total 272896K, used 10749K [0x000000076ab00000, 0x000000077c000000, 0x00000007c0000000)
  eden space 262144K, 0% used [0x000000076ab00000,0x000000076ab00000,0x000000077ab00000)
  from space 10752K, 99% used [0x000000077b580000,0x000000077bfff700,0x000000077c000000)
  to   space 10752K, 0% used [0x000000077ab00000,0x000000077ab00000,0x000000077b580000)
 ParOldGen       total 175104K, used 114631K [0x00000006c0000000, 0x00000006cab00000, 0x000000076ab00000)
  object space 175104K, 65% used [0x00000006c0000000,0x00000006c6ff1df8,0x00000006cab00000)
 Metaspace       used 2729K, capacity 4486K, committed 4864K, reserved 1056768K
  class space    used 297K, capacity 386K, committed 512K, reserved 1048576K
}
{Heap before GC invocations=5 (full 0):
 PSYoungGen      total 272896K, used 272893K [0x000000076ab00000, 0x000000077c000000, 0x00000007c0000000)
  eden space 262144K, 100% used [0x000000076ab00000,0x000000077ab00000,0x000000077ab00000)
  from space 10752K, 99% used [0x000000077b580000,0x000000077bfff700,0x000000077c000000)
  to   space 10752K, 0% used [0x000000077ab00000,0x000000077ab00000,0x000000077b580000)
 ParOldGen       total 175104K, used 114631K [0x00000006c0000000, 0x00000006cab00000, 0x000000076ab00000)
  object space 175104K, 65% used [0x00000006c0000000,0x00000006c6ff1df8,0x00000006cab00000)
 Metaspace       used 2729K, capacity 4486K, committed 4864K, reserved 1056768K
  class space    used 297K, capacity 386K, committed 512K, reserved 1048576K


# 2020-10-29T20:24:24.784-0800: [GC (Allocation Failure) [PSYoungGen: 272893K->10740K(272896K)] 387525K->202990K(465408K), 0.0312692 secs] [Times: user=0.05 sys=0.19, real=0.03 secs]


Heap after GC invocations=5 (full 0):
 PSYoungGen      total 272896K, used 10740K [0x000000076ab00000, 0x0000000796700000, 0x00000007c0000000)
  eden space 262144K, 0% used [0x000000076ab00000,0x000000076ab00000,0x000000077ab00000)
  from space 10752K, 99% used [0x000000077ab00000,0x000000077b57d378,0x000000077b580000)
  to   space 96256K, 0% used [0x0000000790900000,0x0000000790900000,0x0000000796700000)
 ParOldGen       total 192512K, used 192250K [0x00000006c0000000, 0x00000006cbc00000, 0x000000076ab00000)
  object space 192512K, 99% used [0x00000006c0000000,0x00000006cbbbe840,0x00000006cbc00000)
 Metaspace       used 2729K, capacity 4486K, committed 4864K, reserved 1056768K
  class space    used 297K, capacity 386K, committed 512K, reserved 1048576K
}
{Heap before GC invocations=6 (full 1):
 PSYoungGen      total 272896K, used 10740K [0x000000076ab00000, 0x0000000796700000, 0x00000007c0000000)
  eden space 262144K, 0% used [0x000000076ab00000,0x000000076ab00000,0x000000077ab00000)
  from space 10752K, 99% used [0x000000077ab00000,0x000000077b57d378,0x000000077b580000)
  to   space 96256K, 0% used [0x0000000790900000,0x0000000790900000,0x0000000796700000)
 ParOldGen       total 192512K, used 192250K [0x00000006c0000000, 0x00000006cbc00000, 0x000000076ab00000)
  object space 192512K, 99% used [0x00000006c0000000,0x00000006cbbbe840,0x00000006cbc00000)
 Metaspace       used 2729K, capacity 4486K, committed 4864K, reserved 1056768K
  class space    used 297K, capacity 386K, committed 512K, reserved 1048576K


# 2020-10-29T20:24:24.815-0800: [Full GC (Ergonomics) [PSYoungGen: 10740K->0K(272896K)] [ParOldGen: 192250K->168444K(329216K)] 202990K->168444K(602112K), [Metaspace: 2729K->2729K(1056768K)], 0.0220010 secs] [Times: user=0.17 sys=0.01, real=0.02 secs]


Heap after GC invocations=6 (full 1):
 PSYoungGen      total 272896K, used 0K [0x000000076ab00000, 0x0000000796700000, 0x00000007c0000000)
  eden space 262144K, 0% used [0x000000076ab00000,0x000000076ab00000,0x000000077ab00000)
  from space 10752K, 0% used [0x000000077ab00000,0x000000077ab00000,0x000000077b580000)
  to   space 96256K, 0% used [0x0000000790900000,0x0000000790900000,0x0000000796700000)
 ParOldGen       total 329216K, used 168444K [0x00000006c0000000, 0x00000006d4180000, 0x000000076ab00000)
  object space 329216K, 51% used [0x00000006c0000000,0x00000006ca47f2c8,0x00000006d4180000)
 Metaspace       used 2729K, capacity 4486K, committed 4864K, reserved 1056768K
  class space    used 297K, capacity 386K, committed 512K, reserved 1048576K
}
{Heap before GC invocations=7 (full 1):
 PSYoungGen      total 272896K, used 262144K [0x000000076ab00000, 0x0000000796700000, 0x00000007c0000000)
  eden space 262144K, 100% used [0x000000076ab00000,0x000000077ab00000,0x000000077ab00000)
  from space 10752K, 0% used [0x000000077ab00000,0x000000077ab00000,0x000000077b580000)
  to   space 96256K, 0% used [0x0000000790900000,0x0000000790900000,0x0000000796700000)
 ParOldGen       total 329216K, used 168444K [0x00000006c0000000, 0x00000006d4180000, 0x000000076ab00000)
  object space 329216K, 51% used [0x00000006c0000000,0x00000006ca47f2c8,0x00000006d4180000)
 Metaspace       used 2730K, capacity 4486K, committed 4864K, reserved 1056768K
  class space    used 297K, capacity 386K, committed 512K, reserved 1048576K

# 2020-10-29T20:24:24.884-0800: [GC (Allocation Failure) [PSYoungGen: 262144K->82590K(568832K)] 430588K->251035K(898048K), 0.0359420 secs] [Times: user=0.04 sys=0.22, real=0.04 secs]

Heap after GC invocations=7 (full 1):
 PSYoungGen      total 568832K, used 82590K [0x000000076ab00000, 0x0000000795a00000, 0x00000007c0000000)
  eden space 485888K, 0% used [0x000000076ab00000,0x000000076ab00000,0x0000000788580000)
  from space 82944K, 99% used [0x0000000790900000,0x00000007959a7970,0x0000000795a00000)
  to   space 107520K, 0% used [0x0000000788800000,0x0000000788800000,0x000000078f100000)
 ParOldGen       total 329216K, used 168444K [0x00000006c0000000, 0x00000006d4180000, 0x000000076ab00000)
  object space 329216K, 51% used [0x00000006c0000000,0x00000006ca47f2c8,0x00000006d4180000)
 Metaspace       used 2730K, capacity 4486K, committed 4864K, reserved 1056768K
  class space    used 297K, capacity 386K, committed 512K, reserved 1048576K
}
{Heap before GC invocations=8 (full 1):
 PSYoungGen      total 568832K, used 568478K [0x000000076ab00000, 0x0000000795a00000, 0x00000007c0000000)
  eden space 485888K, 100% used [0x000000076ab00000,0x0000000788580000,0x0000000788580000)
  from space 82944K, 99% used [0x0000000790900000,0x00000007959a7970,0x0000000795a00000)
  to   space 107520K, 0% used [0x0000000788800000,0x0000000788800000,0x000000078f100000)
 ParOldGen       total 329216K, used 168444K [0x00000006c0000000, 0x00000006d4180000, 0x000000076ab00000)
  object space 329216K, 51% used [0x00000006c0000000,0x00000006ca47f2c8,0x00000006d4180000)
 Metaspace       used 2730K, capacity 4486K, committed 4864K, reserved 1056768K
  class space    used 297K, capacity 386K, committed 512K, reserved 1048576K

#2020-10-29T20:24:25.058-0800: [GC (Allocation Failure) [PSYoungGen: 568478K->107504K(595968K)] 736923K->359037K(925184K), 0.0706953 secs] [Times: user=0.09 sys=0.43, real=0.07 secs]

Heap after GC invocations=8 (full 1):
 PSYoungGen      total 595968K, used 107504K [0x000000076ab00000, 0x00000007b6280000, 0x00000007c0000000)
  eden space 488448K, 0% used [0x000000076ab00000,0x000000076ab00000,0x0000000788800000)
  from space 107520K, 99% used [0x0000000788800000,0x000000078f0fc0d8,0x000000078f100000)
  to   space 168448K, 0% used [0x00000007abe00000,0x00000007abe00000,0x00000007b6280000)
 ParOldGen       total 329216K, used 251532K [0x00000006c0000000, 0x00000006d4180000, 0x000000076ab00000)
  object space 329216K, 76% used [0x00000006c0000000,0x00000006cf5a33b8,0x00000006d4180000)
 Metaspace       used 2730K, capacity 4486K, committed 4864K, reserved 1056768K
  class space    used 297K, capacity 386K, committed 512K, reserved 1048576K
}
{Heap before GC invocations=9 (full 2):
 PSYoungGen      total 595968K, used 107504K [0x000000076ab00000, 0x00000007b6280000, 0x00000007c0000000)
  eden space 488448K, 0% used [0x000000076ab00000,0x000000076ab00000,0x0000000788800000)
  from space 107520K, 99% used [0x0000000788800000,0x000000078f0fc0d8,0x000000078f100000)
  to   space 168448K, 0% used [0x00000007abe00000,0x00000007abe00000,0x00000007b6280000)
 ParOldGen       total 329216K, used 251532K [0x00000006c0000000, 0x00000006d4180000, 0x000000076ab00000)
  object space 329216K, 76% used [0x00000006c0000000,0x00000006cf5a33b8,0x00000006d4180000)
 Metaspace       used 2730K, capacity 4486K, committed 4864K, reserved 1056768K
  class space    used 297K, capacity 386K, committed 512K, reserved 1048576K

# 2020-10-29T20:24:25.128-0800: [Full GC (Ergonomics) [PSYoungGen: 107504K->0K(595968K)] [ParOldGen: 251532K->274513K(464384K)] 359037K->274513K(1060352K), [Metaspace: 2730K->2730K(1056768K)], 0.0438428 secs] [Times: user=0.27 sys=0.07, real=0.05 secs]

Heap after GC invocations=9 (full 2):
 PSYoungGen      total 595968K, used 0K [0x000000076ab00000, 0x00000007b6280000, 0x00000007c0000000)
  eden space 488448K, 0% used [0x000000076ab00000,0x000000076ab00000,0x0000000788800000)
  from space 107520K, 0% used [0x0000000788800000,0x0000000788800000,0x000000078f100000)
  to   space 168448K, 0% used [0x00000007abe00000,0x00000007abe00000,0x00000007b6280000)
 ParOldGen       total 464384K, used 274513K [0x00000006c0000000, 0x00000006dc580000, 0x000000076ab00000)
  object space 464384K, 59% used [0x00000006c0000000,0x00000006d0c14518,0x00000006dc580000)
 Metaspace       used 2730K, capacity 4486K, committed 4864K, reserved 1056768K
  class space    used 297K, capacity 386K, committed 512K, reserved 1048576K
}
{Heap before GC invocations=10 (full 2):
 PSYoungGen      total 595968K, used 488448K [0x000000076ab00000, 0x00000007b6280000, 0x00000007c0000000)
  eden space 488448K, 100% used [0x000000076ab00000,0x0000000788800000,0x0000000788800000)
  from space 107520K, 0% used [0x0000000788800000,0x0000000788800000,0x000000078f100000)
  to   space 168448K, 0% used [0x00000007abe00000,0x00000007abe00000,0x00000007b6280000)
 ParOldGen       total 464384K, used 274513K [0x00000006c0000000, 0x00000006dc580000, 0x000000076ab00000)
  object space 464384K, 59% used [0x00000006c0000000,0x00000006d0c14518,0x00000006dc580000)
 Metaspace       used 2730K, capacity 4486K, committed 4864K, reserved 1056768K
  class space    used 297K, capacity 386K, committed 512K, reserved 1048576K

# 2020-10-29T20:24:25.252-0800: [GC (Allocation Failure) [PSYoungGen: 488448K->140918K(1038848K)] 762961K->415431K(1503232K), 0.0623336 secs] [Times: user=0.07 sys=0.37, real=0.06 secs]

Heap after GC invocations=10 (full 2):
 PSYoungGen      total 1038848K, used 140918K [0x000000076ab00000, 0x00000007b6900000, 0x00000007c0000000)
  eden space 870400K, 0% used [0x000000076ab00000,0x000000076ab00000,0x000000079fd00000)
  from space 168448K, 83% used [0x00000007abe00000,0x00000007b479d948,0x00000007b6280000)
  to   space 186368K, 0% used [0x000000079fd00000,0x000000079fd00000,0x00000007ab300000)
 ParOldGen       total 464384K, used 274513K [0x00000006c0000000, 0x00000006dc580000, 0x000000076ab00000)
  object space 464384K, 59% used [0x00000006c0000000,0x00000006d0c14518,0x00000006dc580000)
 Metaspace       used 2730K, capacity 4486K, committed 4864K, reserved 1056768K
  class space    used 297K, capacity 386K, committed 512K, reserved 1048576K
}
执行结束!共生成对象次数:10329
Heap
 PSYoungGen      total 1038848K, used 1007599K [0x000000076ab00000, 0x00000007b6900000, 0x00000007c0000000)
  eden space 870400K, 99% used [0x000000076ab00000,0x000000079f95e3d8,0x000000079fd00000)
  from space 168448K, 83% used [0x00000007abe00000,0x00000007b479d948,0x00000007b6280000)
  to   space 186368K, 0% used [0x000000079fd00000,0x000000079fd00000,0x00000007ab300000)
 ParOldGen       total 464384K, used 274513K [0x00000006c0000000, 0x00000006dc580000, 0x000000076ab00000)
  object space 464384K, 59% used [0x00000006c0000000,0x00000006d0c14518,0x00000006dc580000)
 Metaspace       used 2736K, capacity 4486K, committed 4864K, reserved 1056768K
  class space    used 298K, capacity 386K, committed 512K, reserved 1048576K
```
分析：
1. 在这1秒内发生了8次 PSYoungGen() GC，2次（PSYoungGen+ParOldGen+meta）的full GC
2. 触发 young gc 是因为Allocation Failure即分配内存失败；full GC是Ergonomics
3. 并行GC中主要分为`PSYoungGen` 意思是：Parallel Scavenge Young Gen 和 `ParOldGen`猜测是 Parallel old 区 两个区
5. 第一次young GC 时eden 区达到100%，完成后，from区99% 同时old去达到 5%，第一次就有对象直接接入old区，猜测是因为from区放不下
6. GC日志中`272893K->10740K(272896K)`表示原本占用272893Kgc后占用10740K，总容量是272896K
7. young GC时，第一次出现的内存变化时young区变化，第二次是整体heep变化
8. 每次young gc时间都在变大，猜测原因是移动的对象在变多
9. 在full gc 前每次old区都会增大，而from区前后都是99%，猜测产生的未清理对象一直讲from区占满
10. to区一直为空与之前了解到存活区始终1边为空相符合
11. 从from、to区内存地址一直相互变换可以开始from、to区一直在交换，与之前所学一致
12. 由于没有指定Xms Xmx，所有每次GC heap大小都有增加，仅从本次GC推断，young gc 主要增加 young区大小，full GC会增加old区大小
13. 发现如果多次gc后from去都保持高百分比，则eden区会分内存到存活区，每次分一般只会分给1个存活区
14. full gc一般是紧跟一个young gc，因为full gc时，eden区还是0%，当old区到99%时就触发，和上一次young gc 结束是heap占用几乎完全一样
15. 如果堆内存设置十分小，在多次full gc后程序会OOM

### SerialGC 串行GC
```shell script
➜  03-GC日志分析 java -XX:+PrintGCDetails -XX:+PrintGCDateStamps -XX:+PrintHeapAtGC -XX:+UseSerialGC GCLogAnalysis
正在执行...
{Heap before GC invocations=0 (full 0):
 def new generation   total 78656K, used 69952K [0x00000006c0000000, 0x00000006c5550000, 0x0000000715550000)
  eden space 69952K, 100% used [0x00000006c0000000, 0x00000006c4450000, 0x00000006c4450000)
  from space 8704K,   0% used [0x00000006c4450000, 0x00000006c4450000, 0x00000006c4cd0000)
  to   space 8704K,   0% used [0x00000006c4cd0000, 0x00000006c4cd0000, 0x00000006c5550000)
 tenured generation   total 174784K, used 0K [0x0000000715550000, 0x0000000720000000, 0x00000007c0000000)
   the space 174784K,   0% used [0x0000000715550000, 0x0000000715550000, 0x0000000715550200, 0x0000000720000000)
 Metaspace       used 2729K, capacity 4486K, committed 4864K, reserved 1056768K
  class space    used 297K, capacity 386K, committed 512K, reserved 1048576K

# 2020-10-29T21:53:31.209-0800: [GC (Allocation Failure) 2020-10-29T21:53:31.209-0800: [DefNew: 69952K->8704K(78656K), 0.0204784 secs] 69952K->25522K(253440K), 0.0205109 secs] [Times: user=0.01 sys=0.01, real=0.03 secs]

Heap after GC invocations=1 (full 0):
 def new generation   total 78656K, used 8704K [0x00000006c0000000, 0x00000006c5550000, 0x0000000715550000)
  eden space 69952K,   0% used [0x00000006c0000000, 0x00000006c0000000, 0x00000006c4450000)
  from space 8704K, 100% used [0x00000006c4cd0000, 0x00000006c5550000, 0x00000006c5550000)
  to   space 8704K,   0% used [0x00000006c4450000, 0x00000006c4450000, 0x00000006c4cd0000)
 tenured generation   total 174784K, used 16818K [0x0000000715550000, 0x0000000720000000, 0x00000007c0000000)
   the space 174784K,   9% used [0x0000000715550000, 0x00000007165bc9f0, 0x00000007165bca00, 0x0000000720000000)
 Metaspace       used 2729K, capacity 4486K, committed 4864K, reserved 1056768K
  class space    used 297K, capacity 386K, committed 512K, reserved 1048576K
}
{Heap before GC invocations=1 (full 0):
 def new generation   total 78656K, used 78623K [0x00000006c0000000, 0x00000006c5550000, 0x0000000715550000)
  eden space 69952K,  99% used [0x00000006c0000000, 0x00000006c4447f28, 0x00000006c4450000)
  from space 8704K, 100% used [0x00000006c4cd0000, 0x00000006c5550000, 0x00000006c5550000)
  to   space 8704K,   0% used [0x00000006c4450000, 0x00000006c4450000, 0x00000006c4cd0000)
 tenured generation   total 174784K, used 16818K [0x0000000715550000, 0x0000000720000000, 0x00000007c0000000)
   the space 174784K,   9% used [0x0000000715550000, 0x00000007165bc9f0, 0x00000007165bca00, 0x0000000720000000)
 Metaspace       used 2729K, capacity 4486K, committed 4864K, reserved 1056768K
  class space    used 297K, capacity 386K, committed 512K, reserved 1048576K

# 2020-10-29T21:53:31.247-0800: [GC (Allocation Failure) 2020-10-29T21:53:31.247-0800: [DefNew: 78623K->8700K(78656K), 0.0209569 secs] 95442K->45121K(253440K), 0.0209827 secs] [Times: user=0.01 sys=0.01, real=0.02 secs]

Heap after GC invocations=2 (full 0):
 def new generation   total 78656K, used 8700K [0x00000006c0000000, 0x00000006c5550000, 0x0000000715550000)
  eden space 69952K,   0% used [0x00000006c0000000, 0x00000006c0000000, 0x00000006c4450000)
  from space 8704K,  99% used [0x00000006c4450000, 0x00000006c4ccf000, 0x00000006c4cd0000)
  to   space 8704K,   0% used [0x00000006c4cd0000, 0x00000006c4cd0000, 0x00000006c5550000)
 tenured generation   total 174784K, used 36421K [0x0000000715550000, 0x0000000720000000, 0x00000007c0000000)
   the space 174784K,  20% used [0x0000000715550000, 0x00000007178e1790, 0x00000007178e1800, 0x0000000720000000)
 Metaspace       used 2729K, capacity 4486K, committed 4864K, reserved 1056768K
  class space    used 297K, capacity 386K, committed 512K, reserved 1048576K
}
{Heap before GC invocations=2 (full 0):
 def new generation   total 78656K, used 78652K [0x00000006c0000000, 0x00000006c5550000, 0x0000000715550000)
  eden space 69952K, 100% used [0x00000006c0000000, 0x00000006c4450000, 0x00000006c4450000)
  from space 8704K,  99% used [0x00000006c4450000, 0x00000006c4ccf000, 0x00000006c4cd0000)
  to   space 8704K,   0% used [0x00000006c4cd0000, 0x00000006c4cd0000, 0x00000006c5550000)
 tenured generation   total 174784K, used 36421K [0x0000000715550000, 0x0000000720000000, 0x00000007c0000000)
   the space 174784K,  20% used [0x0000000715550000, 0x00000007178e1790, 0x00000007178e1800, 0x0000000720000000)
 Metaspace       used 2729K, capacity 4486K, committed 4864K, reserved 1056768K
  class space    used 297K, capacity 386K, committed 512K, reserved 1048576K

# 2020-10-29T21:53:31.280-0800: [GC (Allocation Failure) 2020-10-29T21:53:31.280-0800: [DefNew: 78652K->8698K(78656K), 0.0164482 secs] 115073K->66805K(253440K), 0.0165098 secs] [Times: user=0.01 sys=0.01, real=0.01 secs]

Heap after GC invocations=3 (full 0):
 def new generation   total 78656K, used 8698K [0x00000006c0000000, 0x00000006c5550000, 0x0000000715550000)
  eden space 69952K,   0% used [0x00000006c0000000, 0x00000006c0000000, 0x00000006c4450000)
  from space 8704K,  99% used [0x00000006c4cd0000, 0x00000006c554e9f8, 0x00000006c5550000)
  to   space 8704K,   0% used [0x00000006c4450000, 0x00000006c4450000, 0x00000006c4cd0000)
 tenured generation   total 174784K, used 58107K [0x0000000715550000, 0x0000000720000000, 0x00000007c0000000)
   the space 174784K,  33% used [0x0000000715550000, 0x0000000718e0ec38, 0x0000000718e0ee00, 0x0000000720000000)
 Metaspace       used 2729K, capacity 4486K, committed 4864K, reserved 1056768K
  class space    used 297K, capacity 386K, committed 512K, reserved 1048576K
}
{Heap before GC invocations=3 (full 0):
 def new generation   total 78656K, used 78650K [0x00000006c0000000, 0x00000006c5550000, 0x0000000715550000)
  eden space 69952K, 100% used [0x00000006c0000000, 0x00000006c4450000, 0x00000006c4450000)
  from space 8704K,  99% used [0x00000006c4cd0000, 0x00000006c554e9f8, 0x00000006c5550000)
  to   space 8704K,   0% used [0x00000006c4450000, 0x00000006c4450000, 0x00000006c4cd0000)
 tenured generation   total 174784K, used 58107K [0x0000000715550000, 0x0000000720000000, 0x00000007c0000000)
   the space 174784K,  33% used [0x0000000715550000, 0x0000000718e0ec38, 0x0000000718e0ee00, 0x0000000720000000)
 Metaspace       used 2729K, capacity 4486K, committed 4864K, reserved 1056768K
  class space    used 297K, capacity 386K, committed 512K, reserved 1048576K

# 2020-10-29T21:53:31.308-0800: [GC (Allocation Failure) 2020-10-29T21:53:31.308-0800: [DefNew: 78650K->8702K(78656K), 0.0218669 secs] 136757K->94211K(253440K), 0.0218922 secs] [Times: user=0.01 sys=0.01, real=0.03 secs]

Heap after GC invocations=4 (full 0):
 def new generation   total 78656K, used 8702K [0x00000006c0000000, 0x00000006c5550000, 0x0000000715550000)
  eden space 69952K,   0% used [0x00000006c0000000, 0x00000006c0000000, 0x00000006c4450000)
  from space 8704K,  99% used [0x00000006c4450000, 0x00000006c4ccf878, 0x00000006c4cd0000)
  to   space 8704K,   0% used [0x00000006c4cd0000, 0x00000006c4cd0000, 0x00000006c5550000)
 tenured generation   total 174784K, used 85508K [0x0000000715550000, 0x0000000720000000, 0x00000007c0000000)
   the space 174784K,  48% used [0x0000000715550000, 0x000000071a8d13f0, 0x000000071a8d1400, 0x0000000720000000)
 Metaspace       used 2729K, capacity 4486K, committed 4864K, reserved 1056768K
  class space    used 297K, capacity 386K, committed 512K, reserved 1048576K
}
{Heap before GC invocations=4 (full 0):
 def new generation   total 78656K, used 78151K [0x00000006c0000000, 0x00000006c5550000, 0x0000000715550000)
  eden space 69952K,  99% used [0x00000006c0000000, 0x00000006c43d2428, 0x00000006c4450000)
  from space 8704K,  99% used [0x00000006c4450000, 0x00000006c4ccf878, 0x00000006c4cd0000)
  to   space 8704K,   0% used [0x00000006c4cd0000, 0x00000006c4cd0000, 0x00000006c5550000)
 tenured generation   total 174784K, used 85508K [0x0000000715550000, 0x0000000720000000, 0x00000007c0000000)
   the space 174784K,  48% used [0x0000000715550000, 0x000000071a8d13f0, 0x000000071a8d1400, 0x0000000720000000)
 Metaspace       used 2729K, capacity 4486K, committed 4864K, reserved 1056768K
  class space    used 297K, capacity 386K, committed 512K, reserved 1048576K

#2020-10-29T21:53:31.344-0800: [GC (Allocation Failure) 2020-10-29T21:53:31.344-0800: [DefNew: 78151K->8697K(78656K), 0.0169936 secs] 163660K->115040K(253440K), 0.0170193 secs] [Times: user=0.01 sys=0.00, real=0.02 secs]

Heap after GC invocations=5 (full 0):
 def new generation   total 78656K, used 8697K [0x00000006c0000000, 0x00000006c5550000, 0x0000000715550000)
  eden space 69952K,   0% used [0x00000006c0000000, 0x00000006c0000000, 0x00000006c4450000)
  from space 8704K,  99% used [0x00000006c4cd0000, 0x00000006c554e658, 0x00000006c5550000)
  to   space 8704K,   0% used [0x00000006c4450000, 0x00000006c4450000, 0x00000006c4cd0000)
 tenured generation   total 174784K, used 106343K [0x0000000715550000, 0x0000000720000000, 0x00000007c0000000)
   the space 174784K,  60% used [0x0000000715550000, 0x000000071bd29c00, 0x000000071bd29c00, 0x0000000720000000)
 Metaspace       used 2729K, capacity 4486K, committed 4864K, reserved 1056768K
  class space    used 297K, capacity 386K, committed 512K, reserved 1048576K
}
{Heap before GC invocations=5 (full 0):
 def new generation   total 78656K, used 78649K [0x00000006c0000000, 0x00000006c5550000, 0x0000000715550000)
  eden space 69952K, 100% used [0x00000006c0000000, 0x00000006c4450000, 0x00000006c4450000)
  from space 8704K,  99% used [0x00000006c4cd0000, 0x00000006c554e658, 0x00000006c5550000)
  to   space 8704K,   0% used [0x00000006c4450000, 0x00000006c4450000, 0x00000006c4cd0000)
 tenured generation   total 174784K, used 106343K [0x0000000715550000, 0x0000000720000000, 0x00000007c0000000)
   the space 174784K,  60% used [0x0000000715550000, 0x000000071bd29c00, 0x000000071bd29c00, 0x0000000720000000)
 Metaspace       used 2729K, capacity 4486K, committed 4864K, reserved 1056768K
  class space    used 297K, capacity 386K, committed 512K, reserved 1048576K

# 2020-10-29T21:53:31.375-0800: [GC (Allocation Failure) 2020-10-29T21:53:31.375-0800: [DefNew: 78649K->8702K(78656K), 0.0198083 secs] 184992K->136567K(253440K), 0.0198434 secs] [Times: user=0.01 sys=0.01, real=0.02 secs]

Heap after GC invocations=6 (full 0):
 def new generation   total 78656K, used 8702K [0x00000006c0000000, 0x00000006c5550000, 0x0000000715550000)
  eden space 69952K,   0% used [0x00000006c0000000, 0x00000006c0000000, 0x00000006c4450000)
  from space 8704K,  99% used [0x00000006c4450000, 0x00000006c4ccfa88, 0x00000006c4cd0000)
  to   space 8704K,   0% used [0x00000006c4cd0000, 0x00000006c4cd0000, 0x00000006c5550000)
 tenured generation   total 174784K, used 127864K [0x0000000715550000, 0x0000000720000000, 0x00000007c0000000)
   the space 174784K,  73% used [0x0000000715550000, 0x000000071d22e250, 0x000000071d22e400, 0x0000000720000000)
 Metaspace       used 2729K, capacity 4486K, committed 4864K, reserved 1056768K
  class space    used 297K, capacity 386K, committed 512K, reserved 1048576K
}
{Heap before GC invocations=6 (full 0):
 def new generation   total 78656K, used 78600K [0x00000006c0000000, 0x00000006c5550000, 0x0000000715550000)
  eden space 69952K,  99% used [0x00000006c0000000, 0x00000006c4442718, 0x00000006c4450000)
  from space 8704K,  99% used [0x00000006c4450000, 0x00000006c4ccfa88, 0x00000006c4cd0000)
  to   space 8704K,   0% used [0x00000006c4cd0000, 0x00000006c4cd0000, 0x00000006c5550000)
 tenured generation   total 174784K, used 127864K [0x0000000715550000, 0x0000000720000000, 0x00000007c0000000)
   the space 174784K,  73% used [0x0000000715550000, 0x000000071d22e250, 0x000000071d22e400, 0x0000000720000000)
 Metaspace       used 2729K, capacity 4486K, committed 4864K, reserved 1056768K
  class space    used 297K, capacity 386K, committed 512K, reserved 1048576K

# 2020-10-29T21:53:31.408-0800: [GC (Allocation Failure) 2020-10-29T21:53:31.408-0800: [DefNew: 78600K->8703K(78656K), 0.0181777 secs] 206464K->160972K(253440K), 0.0182062 secs] [Times: user=0.01 sys=0.01, real=0.02 secs]

Heap after GC invocations=7 (full 0):
 def new generation   total 78656K, used 8703K [0x00000006c0000000, 0x00000006c5550000, 0x0000000715550000)
  eden space 69952K,   0% used [0x00000006c0000000, 0x00000006c0000000, 0x00000006c4450000)
  from space 8704K,  99% used [0x00000006c4cd0000, 0x00000006c554ff60, 0x00000006c5550000)
  to   space 8704K,   0% used [0x00000006c4450000, 0x00000006c4450000, 0x00000006c4cd0000)
 tenured generation   total 174784K, used 152269K [0x0000000715550000, 0x0000000720000000, 0x00000007c0000000)
   the space 174784K,  87% used [0x0000000715550000, 0x000000071ea03438, 0x000000071ea03600, 0x0000000720000000)
 Metaspace       used 2729K, capacity 4486K, committed 4864K, reserved 1056768K
  class space    used 297K, capacity 386K, committed 512K, reserved 1048576K
}
{Heap before GC invocations=7 (full 0):
 def new generation   total 78656K, used 78655K [0x00000006c0000000, 0x00000006c5550000, 0x0000000715550000)
  eden space 69952K, 100% used [0x00000006c0000000, 0x00000006c4450000, 0x00000006c4450000)
  from space 8704K,  99% used [0x00000006c4cd0000, 0x00000006c554ff60, 0x00000006c5550000)
  to   space 8704K,   0% used [0x00000006c4450000, 0x00000006c4450000, 0x00000006c4cd0000)
 tenured generation   total 174784K, used 152269K [0x0000000715550000, 0x0000000720000000, 0x00000007c0000000)
   the space 174784K,  87% used [0x0000000715550000, 0x000000071ea03438, 0x000000071ea03600, 0x0000000720000000)
 Metaspace       used 2729K, capacity 4486K, committed 4864K, reserved 1056768K
  class space    used 297K, capacity 386K, committed 512K, reserved 1048576K

# 2020-10-29T21:53:31.439-0800: [GC (Allocation Failure) 2020-10-29T21:53:31.439-0800: [DefNew: 78655K->8703K(78656K), 0.0217942 secs]2020-10-29T21:53:31.460-0800: [Tenured: 181100K->166774K(181124K), 0.0294954 secs] 230924K->166774K(259780K), [Metaspace: 2729K->2729K(1056768K)], 0.0515352 secs] [Times: user=0.04 sys=0.01, real=0.06 secs]

Heap after GC invocations=8 (full 1):
 def new generation   total 125120K, used 0K [0x00000006c0000000, 0x00000006c87c0000, 0x0000000715550000)
  eden space 111232K,   0% used [0x00000006c0000000, 0x00000006c0000000, 0x00000006c6ca0000)
  from space 13888K,   0% used [0x00000006c6ca0000, 0x00000006c6ca0000, 0x00000006c7a30000)
  to   space 13888K,   0% used [0x00000006c7a30000, 0x00000006c7a30000, 0x00000006c87c0000)
 tenured generation   total 277960K, used 166774K [0x0000000715550000, 0x00000007264c2000, 0x00000007c0000000)
   the space 277960K,  59% used [0x0000000715550000, 0x000000071f82d9d0, 0x000000071f82da00, 0x00000007264c2000)
 Metaspace       used 2729K, capacity 4486K, committed 4864K, reserved 1056768K
  class space    used 297K, capacity 386K, committed 512K, reserved 1048576K
}
{Heap before GC invocations=8 (full 1):
 def new generation   total 125120K, used 111232K [0x00000006c0000000, 0x00000006c87c0000, 0x0000000715550000)
  eden space 111232K, 100% used [0x00000006c0000000, 0x00000006c6ca0000, 0x00000006c6ca0000)
  from space 13888K,   0% used [0x00000006c6ca0000, 0x00000006c6ca0000, 0x00000006c7a30000)
  to   space 13888K,   0% used [0x00000006c7a30000, 0x00000006c7a30000, 0x00000006c87c0000)
 tenured generation   total 277960K, used 166774K [0x0000000715550000, 0x00000007264c2000, 0x00000007c0000000)
   the space 277960K,  59% used [0x0000000715550000, 0x000000071f82d9d0, 0x000000071f82da00, 0x00000007264c2000)
 Metaspace       used 2729K, capacity 4486K, committed 4864K, reserved 1056768K
  class space    used 297K, capacity 386K, committed 512K, reserved 1048576K

# 2020-10-29T21:53:31.517-0800: [GC (Allocation Failure) 2020-10-29T21:53:31.517-0800: [DefNew: 111232K->13883K(125120K), 0.0253135 secs] 278006K->208463K(403080K), 0.0253476 secs] [Times: user=0.02 sys=0.01, real=0.03 secs]

Heap after GC invocations=9 (full 1):
 def new generation   total 125120K, used 13883K [0x00000006c0000000, 0x00000006c87c0000, 0x0000000715550000)
  eden space 111232K,   0% used [0x00000006c0000000, 0x00000006c0000000, 0x00000006c6ca0000)
  from space 13888K,  99% used [0x00000006c7a30000, 0x00000006c87bef30, 0x00000006c87c0000)
  to   space 13888K,   0% used [0x00000006c6ca0000, 0x00000006c6ca0000, 0x00000006c7a30000)
 tenured generation   total 277960K, used 194579K [0x0000000715550000, 0x00000007264c2000, 0x00000007c0000000)
   the space 277960K,  70% used [0x0000000715550000, 0x0000000721354f48, 0x0000000721355000, 0x00000007264c2000)
 Metaspace       used 2729K, capacity 4486K, committed 4864K, reserved 1056768K
  class space    used 297K, capacity 386K, committed 512K, reserved 1048576K
}
{Heap before GC invocations=9 (full 1):
 def new generation   total 125120K, used 125115K [0x00000006c0000000, 0x00000006c87c0000, 0x0000000715550000)
  eden space 111232K, 100% used [0x00000006c0000000, 0x00000006c6ca0000, 0x00000006c6ca0000)
  from space 13888K,  99% used [0x00000006c7a30000, 0x00000006c87bef30, 0x00000006c87c0000)
  to   space 13888K,   0% used [0x00000006c6ca0000, 0x00000006c6ca0000, 0x00000006c7a30000)
 tenured generation   total 277960K, used 194579K [0x0000000715550000, 0x00000007264c2000, 0x00000007c0000000)
   the space 277960K,  70% used [0x0000000715550000, 0x0000000721354f48, 0x0000000721355000, 0x00000007264c2000)
 Metaspace       used 2729K, capacity 4486K, committed 4864K, reserved 1056768K
  class space    used 297K, capacity 386K, committed 512K, reserved 1048576K

# 2020-10-29T21:53:31.565-0800: [GC (Allocation Failure) 2020-10-29T21:53:31.565-0800: [DefNew: 125115K->13887K(125120K), 0.0322547 secs] 319695K->241586K(403080K), 0.0322829 secs] [Times: user=0.02 sys=0.02, real=0.03 secs]

Heap after GC invocations=10 (full 1):
 def new generation   total 125120K, used 13887K [0x00000006c0000000, 0x00000006c87c0000, 0x0000000715550000)
  eden space 111232K,   0% used [0x00000006c0000000, 0x00000006c0000000, 0x00000006c6ca0000)
  from space 13888K,  99% used [0x00000006c6ca0000, 0x00000006c7a2ff60, 0x00000006c7a30000)
  to   space 13888K,   0% used [0x00000006c7a30000, 0x00000006c7a30000, 0x00000006c87c0000)
 tenured generation   total 277960K, used 227698K [0x0000000715550000, 0x00000007264c2000, 0x00000007c0000000)
   the space 277960K,  81% used [0x0000000715550000, 0x00000007233acab0, 0x00000007233acc00, 0x00000007264c2000)
 Metaspace       used 2729K, capacity 4486K, committed 4864K, reserved 1056768K
  class space    used 297K, capacity 386K, committed 512K, reserved 1048576K
}
{Heap before GC invocations=10 (full 1):
 def new generation   total 125120K, used 125119K [0x00000006c0000000, 0x00000006c87c0000, 0x0000000715550000)
  eden space 111232K, 100% used [0x00000006c0000000, 0x00000006c6ca0000, 0x00000006c6ca0000)
  from space 13888K,  99% used [0x00000006c6ca0000, 0x00000006c7a2ff60, 0x00000006c7a30000)
  to   space 13888K,   0% used [0x00000006c7a30000, 0x00000006c7a30000, 0x00000006c87c0000)
 tenured generation   total 277960K, used 227698K [0x0000000715550000, 0x00000007264c2000, 0x00000007c0000000)
   the space 277960K,  81% used [0x0000000715550000, 0x00000007233acab0, 0x00000007233acc00, 0x00000007264c2000)
 Metaspace       used 2729K, capacity 4486K, committed 4864K, reserved 1056768K
  class space    used 297K, capacity 386K, committed 512K, reserved 1048576K

# 2020-10-29T21:53:31.615-0800: [GC (Allocation Failure) 2020-10-29T21:53:31.615-0800: [DefNew: 125119K->13888K(125120K), 0.0279771 secs] 352818K->278644K(403080K), 0.0280063 secs] [Times: user=0.02 sys=0.01, real=0.03 secs]

Heap after GC invocations=11 (full 1):
 def new generation   total 125120K, used 13888K [0x00000006c0000000, 0x00000006c87c0000, 0x0000000715550000)
  eden space 111232K,   0% used [0x00000006c0000000, 0x00000006c0000000, 0x00000006c6ca0000)
  from space 13888K, 100% used [0x00000006c7a30000, 0x00000006c87c0000, 0x00000006c87c0000)
  to   space 13888K,   0% used [0x00000006c6ca0000, 0x00000006c6ca0000, 0x00000006c7a30000)
 tenured generation   total 277960K, used 264756K [0x0000000715550000, 0x00000007264c2000, 0x00000007c0000000)
   the space 277960K,  95% used [0x0000000715550000, 0x00000007257dd078, 0x00000007257dd200, 0x00000007264c2000)
 Metaspace       used 2729K, capacity 4486K, committed 4864K, reserved 1056768K
  class space    used 297K, capacity 386K, committed 512K, reserved 1048576K
}
{Heap before GC invocations=11 (full 1):
 def new generation   total 125120K, used 125120K [0x00000006c0000000, 0x00000006c87c0000, 0x0000000715550000)
  eden space 111232K, 100% used [0x00000006c0000000, 0x00000006c6ca0000, 0x00000006c6ca0000)
  from space 13888K, 100% used [0x00000006c7a30000, 0x00000006c87c0000, 0x00000006c87c0000)
  to   space 13888K,   0% used [0x00000006c6ca0000, 0x00000006c6ca0000, 0x00000006c7a30000)
 tenured generation   total 277960K, used 264756K [0x0000000715550000, 0x00000007264c2000, 0x00000007c0000000)
   the space 277960K,  95% used [0x0000000715550000, 0x00000007257dd078, 0x00000007257dd200, 0x00000007264c2000)
 Metaspace       used 2729K, capacity 4486K, committed 4864K, reserved 1056768K
  class space    used 297K, capacity 386K, committed 512K, reserved 1048576K

# 2020-10-29T21:53:31.663-0800: [GC (Allocation Failure) 2020-10-29T21:53:31.663-0800: [DefNew: 125120K->13886K(125120K), 0.0191593 secs]2020-10-29T21:53:31.682-0800: [Tenured: 295547K->246344K(295724K), 0.0411332 secs] 389876K->246344K(420844K), [Metaspace: 2729K->2729K(1056768K)], 0.0605669 secs] [Times: user=0.05 sys=0.01, real=0.06 secs]

Heap after GC invocations=12 (full 2):
 def new generation   total 184832K, used 0K [0x00000006c0000000, 0x00000006cc880000, 0x0000000715550000)
  eden space 164352K,   0% used [0x00000006c0000000, 0x00000006c0000000, 0x00000006ca080000)
  from space 20480K,   0% used [0x00000006ca080000, 0x00000006ca080000, 0x00000006cb480000)
  to   space 20480K,   0% used [0x00000006cb480000, 0x00000006cb480000, 0x00000006cc880000)
 tenured generation   total 410576K, used 246344K [0x0000000715550000, 0x000000072e644000, 0x00000007c0000000)
   the space 410576K,  59% used [0x0000000715550000, 0x00000007245e2380, 0x00000007245e2400, 0x000000072e644000)
 Metaspace       used 2729K, capacity 4486K, committed 4864K, reserved 1056768K
  class space    used 297K, capacity 386K, committed 512K, reserved 1048576K
}
{Heap before GC invocations=12 (full 2):
 def new generation   total 184832K, used 164352K [0x00000006c0000000, 0x00000006cc880000, 0x0000000715550000)
  eden space 164352K, 100% used [0x00000006c0000000, 0x00000006ca080000, 0x00000006ca080000)
  from space 20480K,   0% used [0x00000006ca080000, 0x00000006ca080000, 0x00000006cb480000)
  to   space 20480K,   0% used [0x00000006cb480000, 0x00000006cb480000, 0x00000006cc880000)
 tenured generation   total 410576K, used 246344K [0x0000000715550000, 0x000000072e644000, 0x00000007c0000000)
   the space 410576K,  59% used [0x0000000715550000, 0x00000007245e2380, 0x00000007245e2400, 0x000000072e644000)
 Metaspace       used 2730K, capacity 4486K, committed 4864K, reserved 1056768K
  class space    used 297K, capacity 386K, committed 512K, reserved 1048576K

# 2020-10-29T21:53:31.766-0800: [GC (Allocation Failure) 2020-10-29T21:53:31.766-0800: [DefNew: 164352K->20478K(184832K), 0.0321447 secs] 410696K->304748K(595408K), 0.0321772 secs] [Times: user=0.02 sys=0.00, real=0.03 secs]

Heap after GC invocations=13 (full 2):
 def new generation   total 184832K, used 20478K [0x00000006c0000000, 0x00000006cc880000, 0x0000000715550000)
  eden space 164352K,   0% used [0x00000006c0000000, 0x00000006c0000000, 0x00000006ca080000)
  from space 20480K,  99% used [0x00000006cb480000, 0x00000006cc87fbf0, 0x00000006cc880000)
  to   space 20480K,   0% used [0x00000006ca080000, 0x00000006ca080000, 0x00000006cb480000)
 tenured generation   total 410576K, used 284269K [0x0000000715550000, 0x000000072e644000, 0x00000007c0000000)
   the space 410576K,  69% used [0x0000000715550000, 0x0000000726aeb7e0, 0x0000000726aeb800, 0x000000072e644000)
 Metaspace       used 2730K, capacity 4486K, committed 4864K, reserved 1056768K
  class space    used 297K, capacity 386K, committed 512K, reserved 1048576K
}
{Heap before GC invocations=13 (full 2):
 def new generation   total 184832K, used 184830K [0x00000006c0000000, 0x00000006cc880000, 0x0000000715550000)
  eden space 164352K, 100% used [0x00000006c0000000, 0x00000006ca080000, 0x00000006ca080000)
  from space 20480K,  99% used [0x00000006cb480000, 0x00000006cc87fbf0, 0x00000006cc880000)
  to   space 20480K,   0% used [0x00000006ca080000, 0x00000006ca080000, 0x00000006cb480000)
 tenured generation   total 410576K, used 284269K [0x0000000715550000, 0x000000072e644000, 0x00000007c0000000)
   the space 410576K,  69% used [0x0000000715550000, 0x0000000726aeb7e0, 0x0000000726aeb800, 0x000000072e644000)
 Metaspace       used 2730K, capacity 4486K, committed 4864K, reserved 1056768K
  class space    used 297K, capacity 386K, committed 512K, reserved 1048576K

# 2020-10-29T21:53:31.827-0800: [GC (Allocation Failure) 2020-10-29T21:53:31.827-0800: [DefNew: 184830K->20479K(184832K), 0.0437177 secs] 469100K->355080K(595408K), 0.0437428 secs] [Times: user=0.02 sys=0.02, real=0.05 secs]

Heap after GC invocations=14 (full 2):
 def new generation   total 184832K, used 20479K [0x00000006c0000000, 0x00000006cc880000, 0x0000000715550000)
  eden space 164352K,   0% used [0x00000006c0000000, 0x00000006c0000000, 0x00000006ca080000)
  from space 20480K,  99% used [0x00000006ca080000, 0x00000006cb47fda8, 0x00000006cb480000)
  to   space 20480K,   0% used [0x00000006cb480000, 0x00000006cb480000, 0x00000006cc880000)
 tenured generation   total 410576K, used 334601K [0x0000000715550000, 0x000000072e644000, 0x00000007c0000000)
   the space 410576K,  81% used [0x0000000715550000, 0x0000000729c125e0, 0x0000000729c12600, 0x000000072e644000)
 Metaspace       used 2730K, capacity 4486K, committed 4864K, reserved 1056768K
  class space    used 297K, capacity 386K, committed 512K, reserved 1048576K
}
{Heap before GC invocations=14 (full 2):
 def new generation   total 184832K, used 184831K [0x00000006c0000000, 0x00000006cc880000, 0x0000000715550000)
  eden space 164352K, 100% used [0x00000006c0000000, 0x00000006ca080000, 0x00000006ca080000)
  from space 20480K,  99% used [0x00000006ca080000, 0x00000006cb47fda8, 0x00000006cb480000)
  to   space 20480K,   0% used [0x00000006cb480000, 0x00000006cb480000, 0x00000006cc880000)
 tenured generation   total 410576K, used 334601K [0x0000000715550000, 0x000000072e644000, 0x00000007c0000000)
   the space 410576K,  81% used [0x0000000715550000, 0x0000000729c125e0, 0x0000000729c12600, 0x000000072e644000)
 Metaspace       used 2730K, capacity 4486K, committed 4864K, reserved 1056768K
  class space    used 297K, capacity 386K, committed 512K, reserved 1048576K

# 2020-10-29T21:53:31.897-0800: [GC (Allocation Failure) 2020-10-29T21:53:31.897-0800: [DefNew: 184831K->20477K(184832K), 0.0391285 secs] 519432K->407889K(595408K), 0.0391537 secs] [Times: user=0.02 sys=0.02, real=0.04 secs]

Heap after GC invocations=15 (full 2):
 def new generation   total 184832K, used 20477K [0x00000006c0000000, 0x00000006cc880000, 0x0000000715550000)
  eden space 164352K,   0% used [0x00000006c0000000, 0x00000006c0000000, 0x00000006ca080000)
  from space 20480K,  99% used [0x00000006cb480000, 0x00000006cc87f568, 0x00000006cc880000)
  to   space 20480K,   0% used [0x00000006ca080000, 0x00000006ca080000, 0x00000006cb480000)
 tenured generation   total 410576K, used 387412K [0x0000000715550000, 0x000000072e644000, 0x00000007c0000000)
   the space 410576K,  94% used [0x0000000715550000, 0x000000072cfa5248, 0x000000072cfa5400, 0x000000072e644000)
 Metaspace       used 2730K, capacity 4486K, committed 4864K, reserved 1056768K
  class space    used 297K, capacity 386K, committed 512K, reserved 1048576K
}
{Heap before GC invocations=15 (full 2):
 def new generation   total 184832K, used 184719K [0x00000006c0000000, 0x00000006cc880000, 0x0000000715550000)
  eden space 164352K,  99% used [0x00000006c0000000, 0x00000006ca0646e8, 0x00000006ca080000)
  from space 20480K,  99% used [0x00000006cb480000, 0x00000006cc87f568, 0x00000006cc880000)
  to   space 20480K,   0% used [0x00000006ca080000, 0x00000006ca080000, 0x00000006cb480000)
 tenured generation   total 410576K, used 387412K [0x0000000715550000, 0x000000072e644000, 0x00000007c0000000)
   the space 410576K,  94% used [0x0000000715550000, 0x000000072cfa5248, 0x000000072cfa5400, 0x000000072e644000)
 Metaspace       used 2730K, capacity 4486K, committed 4864K, reserved 1056768K
  class space    used 297K, capacity 386K, committed 512K, reserved 1048576K

# 2020-10-29T21:53:31.962-0800: [GC (Allocation Failure) 2020-10-29T21:53:31.962-0800: [DefNew: 184719K->20477K(184832K), 0.0423864 secs]2020-10-29T21:53:32.004-0800: [Tenured: 442902K->318036K(443040K), 0.0558138 secs] 572131K->318036K(627872K), [Metaspace: 2730K->2730K(1056768K)], 0.0985123 secs] [Times: user=0.07 sys=0.02, real=0.10 secs]

Heap after GC invocations=16 (full 3):
 def new generation   total 238592K, used 0K [0x00000006c0000000, 0x00000006d02e0000, 0x0000000715550000)
  eden space 212096K,   0% used [0x00000006c0000000, 0x00000006c0000000, 0x00000006ccf20000)
  from space 26496K,   0% used [0x00000006ccf20000, 0x00000006ccf20000, 0x00000006ce900000)
  to   space 26496K,   0% used [0x00000006ce900000, 0x00000006ce900000, 0x00000006d02e0000)
 tenured generation   total 530064K, used 318036K [0x0000000715550000, 0x0000000735af4000, 0x00000007c0000000)
   the space 530064K,  59% used [0x0000000715550000, 0x0000000728be5180, 0x0000000728be5200, 0x0000000735af4000)
 Metaspace       used 2730K, capacity 4486K, committed 4864K, reserved 1056768K
  class space    used 297K, capacity 386K, committed 512K, reserved 1048576K
}
{Heap before GC invocations=16 (full 3):
 def new generation   total 238592K, used 212096K [0x00000006c0000000, 0x00000006d02e0000, 0x0000000715550000)
  eden space 212096K, 100% used [0x00000006c0000000, 0x00000006ccf20000, 0x00000006ccf20000)
  from space 26496K,   0% used [0x00000006ccf20000, 0x00000006ccf20000, 0x00000006ce900000)
  to   space 26496K,   0% used [0x00000006ce900000, 0x00000006ce900000, 0x00000006d02e0000)
 tenured generation   total 530064K, used 318036K [0x0000000715550000, 0x0000000735af4000, 0x00000007c0000000)
   the space 530064K,  59% used [0x0000000715550000, 0x0000000728be5180, 0x0000000728be5200, 0x0000000735af4000)
 Metaspace       used 2730K, capacity 4486K, committed 4864K, reserved 1056768K
  class space    used 297K, capacity 386K, committed 512K, reserved 1048576K

# 2020-10-29T21:53:32.098-0800: [GC (Allocation Failure) 2020-10-29T21:53:32.098-0800: [DefNew: 212096K->26496K(238592K), 0.0266464 secs] 530132K->389129K(768656K), 0.0266713 secs] [Times: user=0.02 sys=0.01, real=0.03 secs]

Heap after GC invocations=17 (full 3):
 def new generation   total 238592K, used 26496K [0x00000006c0000000, 0x00000006d02e0000, 0x0000000715550000)
  eden space 212096K,   0% used [0x00000006c0000000, 0x00000006c0000000, 0x00000006ccf20000)
  from space 26496K, 100% used [0x00000006ce900000, 0x00000006d02e0000, 0x00000006d02e0000)
  to   space 26496K,   0% used [0x00000006ccf20000, 0x00000006ccf20000, 0x00000006ce900000)
 tenured generation   total 530064K, used 362633K [0x0000000715550000, 0x0000000735af4000, 0x00000007c0000000)
   the space 530064K,  68% used [0x0000000715550000, 0x000000072b7725e8, 0x000000072b772600, 0x0000000735af4000)
 Metaspace       used 2730K, capacity 4486K, committed 4864K, reserved 1056768K
  class space    used 297K, capacity 386K, committed 512K, reserved 1048576K
}
{Heap before GC invocations=17 (full 3):
 def new generation   total 238592K, used 238592K [0x00000006c0000000, 0x00000006d02e0000, 0x0000000715550000)
  eden space 212096K, 100% used [0x00000006c0000000, 0x00000006ccf20000, 0x00000006ccf20000)
  from space 26496K, 100% used [0x00000006ce900000, 0x00000006d02e0000, 0x00000006d02e0000)
  to   space 26496K,   0% used [0x00000006ccf20000, 0x00000006ccf20000, 0x00000006ce900000)
 tenured generation   total 530064K, used 362633K [0x0000000715550000, 0x0000000735af4000, 0x00000007c0000000)
   the space 530064K,  68% used [0x0000000715550000, 0x000000072b7725e8, 0x000000072b772600, 0x0000000735af4000)
 Metaspace       used 2730K, capacity 4486K, committed 4864K, reserved 1056768K
  class space    used 297K, capacity 386K, committed 512K, reserved 1048576K

#2020-10-29T21:53:32.157-0800: [GC (Allocation Failure) 2020-10-29T21:53:32.157-0800: [DefNew: 238592K->26496K(238592K), 0.0304676 secs] 601225K->454374K(768656K), 0.0304964 secs] [Times: user=0.02 sys=0.00, real=0.03 secs]

Heap after GC invocations=18 (full 3):
 def new generation   total 238592K, used 26496K [0x00000006c0000000, 0x00000006d02e0000, 0x0000000715550000)
  eden space 212096K,   0% used [0x00000006c0000000, 0x00000006c0000000, 0x00000006ccf20000)
  from space 26496K, 100% used [0x00000006ccf20000, 0x00000006ce900000, 0x00000006ce900000)
  to   space 26496K,   0% used [0x00000006ce900000, 0x00000006ce900000, 0x00000006d02e0000)
 tenured generation   total 530064K, used 427878K [0x0000000715550000, 0x0000000735af4000, 0x00000007c0000000)
   the space 530064K,  80% used [0x0000000715550000, 0x000000072f729be8, 0x000000072f729c00, 0x0000000735af4000)
 Metaspace       used 2730K, capacity 4486K, committed 4864K, reserved 1056768K
  class space    used 297K, capacity 386K, committed 512K, reserved 1048576K
}
执行结束!共生成对象次数:7940
Heap
 def new generation   total 238592K, used 35279K [0x00000006c0000000, 0x00000006d02e0000, 0x0000000715550000)
  eden space 212096K,   4% used [0x00000006c0000000, 0x00000006c0893d78, 0x00000006ccf20000)
  from space 26496K, 100% used [0x00000006ccf20000, 0x00000006ce900000, 0x00000006ce900000)
  to   space 26496K,   0% used [0x00000006ce900000, 0x00000006ce900000, 0x00000006d02e0000)
 tenured generation   total 530064K, used 427878K [0x0000000715550000, 0x0000000735af4000, 0x00000007c0000000)
   the space 530064K,  80% used [0x0000000715550000, 0x000000072f729be8, 0x000000072f729c00, 0x0000000735af4000)
 Metaspace       used 2736K, capacity 4486K, committed 4864K, reserved 1056768K
  class space    used 298K, capacity 386K, committed 512K, reserved 1048576K
```
1. 共发生18次GC 3次full GC
2. 在不指定Xmx Xms 时，串行GC初试分配的heap内存被并行GC要小
3. 在串行GC中，不叫 young old区，而是叫def new generation(新区)和tenured generation（终身区）
4. 类同的点是young或new区都分1个eden区和2个存活区
5. GC时各区转换逻辑和并行GC相似
6. 从GC平均值来看串行GC每次平均耗时高于并行GC
7. 指定Xmx Xms都是512，但从生成的对象数量来看，串行GC比并行GC高（各5次平均）
8. 增大内存生成的对象数明显增大

### CMS GC
```shell script
➜  03-GC日志分析 java -XX:+PrintGCDetails -XX:+PrintGCDateStamps -XX:+PrintHeapAtGC -XX:+UseConcMarkSweepGC GCLogAnalysis
正在执行...
{Heap before GC invocations=0 (full 0):
 par new generation   total 78656K, used 69952K [0x00000006c0000000, 0x00000006c5550000, 0x00000006f4000000)
  eden space 69952K, 100% used [0x00000006c0000000, 0x00000006c4450000, 0x00000006c4450000)
  from space 8704K,   0% used [0x00000006c4450000, 0x00000006c4450000, 0x00000006c4cd0000)
  to   space 8704K,   0% used [0x00000006c4cd0000, 0x00000006c4cd0000, 0x00000006c5550000)
 concurrent mark-sweep generation total 174784K, used 0K [0x00000006f4000000, 0x00000006feab0000, 0x00000007c0000000)
 Metaspace       used 2729K, capacity 4486K, committed 4864K, reserved 1056768K
  class space    used 297K, capacity 386K, committed 512K, reserved 1048576K
2020-10-29T22:23:52.654-0800: [GC (Allocation Failure) 2020-10-29T22:23:52.654-0800: [ParNew: 69952K->8699K(78656K), 0.0074970 secs] 69952K->21674K(253440K), 0.0075308 secs] [Times: user=0.02 sys=0.05, real=0.01 secs]
Heap after GC invocations=1 (full 0):
 par new generation   total 78656K, used 8699K [0x00000006c0000000, 0x00000006c5550000, 0x00000006f4000000)
  eden space 69952K,   0% used [0x00000006c0000000, 0x00000006c0000000, 0x00000006c4450000)
  from space 8704K,  99% used [0x00000006c4cd0000, 0x00000006c554ef20, 0x00000006c5550000)
  to   space 8704K,   0% used [0x00000006c4450000, 0x00000006c4450000, 0x00000006c4cd0000)
 concurrent mark-sweep generation total 174784K, used 12974K [0x00000006f4000000, 0x00000006feab0000, 0x00000007c0000000)
 Metaspace       used 2729K, capacity 4486K, committed 4864K, reserved 1056768K
  class space    used 297K, capacity 386K, committed 512K, reserved 1048576K
}
{Heap before GC invocations=1 (full 0):
 par new generation   total 78656K, used 78514K [0x00000006c0000000, 0x00000006c5550000, 0x00000006f4000000)
  eden space 69952K,  99% used [0x00000006c0000000, 0x00000006c442d988, 0x00000006c4450000)
  from space 8704K,  99% used [0x00000006c4cd0000, 0x00000006c554ef20, 0x00000006c5550000)
  to   space 8704K,   0% used [0x00000006c4450000, 0x00000006c4450000, 0x00000006c4cd0000)
 concurrent mark-sweep generation total 174784K, used 12974K [0x00000006f4000000, 0x00000006feab0000, 0x00000007c0000000)
 Metaspace       used 2729K, capacity 4486K, committed 4864K, reserved 1056768K
  class space    used 297K, capacity 386K, committed 512K, reserved 1048576K
2020-10-29T22:23:52.675-0800: [GC (Allocation Failure) 2020-10-29T22:23:52.675-0800: [ParNew: 78514K->8704K(78656K), 0.0101113 secs] 91488K->42204K(253440K), 0.0101418 secs] [Times: user=0.03 sys=0.05, real=0.01 secs]
Heap after GC invocations=2 (full 0):
 par new generation   total 78656K, used 8704K [0x00000006c0000000, 0x00000006c5550000, 0x00000006f4000000)
  eden space 69952K,   0% used [0x00000006c0000000, 0x00000006c0000000, 0x00000006c4450000)
  from space 8704K, 100% used [0x00000006c4450000, 0x00000006c4cd0000, 0x00000006c4cd0000)
  to   space 8704K,   0% used [0x00000006c4cd0000, 0x00000006c4cd0000, 0x00000006c5550000)
 concurrent mark-sweep generation total 174784K, used 33500K [0x00000006f4000000, 0x00000006feab0000, 0x00000007c0000000)
 Metaspace       used 2729K, capacity 4486K, committed 4864K, reserved 1056768K
  class space    used 297K, capacity 386K, committed 512K, reserved 1048576K
}
{Heap before GC invocations=2 (full 0):
 par new generation   total 78656K, used 78656K [0x00000006c0000000, 0x00000006c5550000, 0x00000006f4000000)
  eden space 69952K, 100% used [0x00000006c0000000, 0x00000006c4450000, 0x00000006c4450000)
  from space 8704K, 100% used [0x00000006c4450000, 0x00000006c4cd0000, 0x00000006c4cd0000)
  to   space 8704K,   0% used [0x00000006c4cd0000, 0x00000006c4cd0000, 0x00000006c5550000)
 concurrent mark-sweep generation total 174784K, used 33500K [0x00000006f4000000, 0x00000006feab0000, 0x00000007c0000000)
 Metaspace       used 2729K, capacity 4486K, committed 4864K, reserved 1056768K
  class space    used 297K, capacity 386K, committed 512K, reserved 1048576K
2020-10-29T22:23:52.695-0800: [GC (Allocation Failure) 2020-10-29T22:23:52.695-0800: [ParNew: 78656K->8696K(78656K), 0.0132160 secs] 112156K->65551K(253440K), 0.0132444 secs] [Times: user=0.11 sys=0.01, real=0.01 secs]
Heap after GC invocations=3 (full 0):
 par new generation   total 78656K, used 8696K [0x00000006c0000000, 0x00000006c5550000, 0x00000006f4000000)
  eden space 69952K,   0% used [0x00000006c0000000, 0x00000006c0000000, 0x00000006c4450000)
  from space 8704K,  99% used [0x00000006c4cd0000, 0x00000006c554e348, 0x00000006c5550000)
  to   space 8704K,   0% used [0x00000006c4450000, 0x00000006c4450000, 0x00000006c4cd0000)
 concurrent mark-sweep generation total 174784K, used 56855K [0x00000006f4000000, 0x00000006feab0000, 0x00000007c0000000)
 Metaspace       used 2729K, capacity 4486K, committed 4864K, reserved 1056768K
  class space    used 297K, capacity 386K, committed 512K, reserved 1048576K
}
{Heap before GC invocations=3 (full 0):
 par new generation   total 78656K, used 78601K [0x00000006c0000000, 0x00000006c5550000, 0x00000006f4000000)
  eden space 69952K,  99% used [0x00000006c0000000, 0x00000006c4444400, 0x00000006c4450000)
  from space 8704K,  99% used [0x00000006c4cd0000, 0x00000006c554e348, 0x00000006c5550000)
  to   space 8704K,   0% used [0x00000006c4450000, 0x00000006c4450000, 0x00000006c4cd0000)
 concurrent mark-sweep generation total 174784K, used 56855K [0x00000006f4000000, 0x00000006feab0000, 0x00000007c0000000)
 Metaspace       used 2729K, capacity 4486K, committed 4864K, reserved 1056768K
  class space    used 297K, capacity 386K, committed 512K, reserved 1048576K
2020-10-29T22:23:52.721-0800: [GC (Allocation Failure) 2020-10-29T22:23:52.721-0800: [ParNew: 78601K->8698K(78656K), 0.0135554 secs] 135456K->89738K(253440K), 0.0135839 secs] [Times: user=0.12 sys=0.01, real=0.01 secs]
Heap after GC invocations=4 (full 0):
 par new generation   total 78656K, used 8698K [0x00000006c0000000, 0x00000006c5550000, 0x00000006f4000000)
  eden space 69952K,   0% used [0x00000006c0000000, 0x00000006c0000000, 0x00000006c4450000)
  from space 8704K,  99% used [0x00000006c4450000, 0x00000006c4ccea98, 0x00000006c4cd0000)
  to   space 8704K,   0% used [0x00000006c4cd0000, 0x00000006c4cd0000, 0x00000006c5550000)
 concurrent mark-sweep generation total 174784K, used 81040K [0x00000006f4000000, 0x00000006feab0000, 0x00000007c0000000)
 Metaspace       used 2729K, capacity 4486K, committed 4864K, reserved 1056768K
  class space    used 297K, capacity 386K, committed 512K, reserved 1048576K
}
{Heap before GC invocations=4 (full 0):
 par new generation   total 78656K, used 78650K [0x00000006c0000000, 0x00000006c5550000, 0x00000006f4000000)
  eden space 69952K, 100% used [0x00000006c0000000, 0x00000006c4450000, 0x00000006c4450000)
  from space 8704K,  99% used [0x00000006c4450000, 0x00000006c4ccea98, 0x00000006c4cd0000)
  to   space 8704K,   0% used [0x00000006c4cd0000, 0x00000006c4cd0000, 0x00000006c5550000)
 concurrent mark-sweep generation total 174784K, used 81040K [0x00000006f4000000, 0x00000006feab0000, 0x00000007c0000000)
 Metaspace       used 2729K, capacity 4486K, committed 4864K, reserved 1056768K
  class space    used 297K, capacity 386K, committed 512K, reserved 1048576K
2020-10-29T22:23:52.748-0800: [GC (Allocation Failure) 2020-10-29T22:23:52.748-0800: [ParNew: 78650K->8701K(78656K), 0.0141887 secs] 159690K->113278K(253440K), 0.0142324 secs] [Times: user=0.12 sys=0.01, real=0.02 secs]
Heap after GC invocations=5 (full 0):
 par new generation   total 78656K, used 8701K [0x00000006c0000000, 0x00000006c5550000, 0x00000006f4000000)
  eden space 69952K,   0% used [0x00000006c0000000, 0x00000006c0000000, 0x00000006c4450000)
  from space 8704K,  99% used [0x00000006c4cd0000, 0x00000006c554f7f0, 0x00000006c5550000)
  to   space 8704K,   0% used [0x00000006c4450000, 0x00000006c4450000, 0x00000006c4cd0000)
 concurrent mark-sweep generation total 174784K, used 104576K [0x00000006f4000000, 0x00000006feab0000, 0x00000007c0000000)
 Metaspace       used 2729K, capacity 4486K, committed 4864K, reserved 1056768K
  class space    used 297K, capacity 386K, committed 512K, reserved 1048576K
}
2020-10-29T22:23:52.762-0800: [GC (CMS Initial Mark) [1 CMS-initial-mark: 104576K(174784K)] 115095K(253440K), 0.0001729 secs] [Times: user=0.00 sys=0.00, real=0.00 secs]
2020-10-29T22:23:52.762-0800: [CMS-concurrent-mark-start]
2020-10-29T22:23:52.763-0800: [CMS-concurrent-mark: 0.001/0.001 secs] [Times: user=0.01 sys=0.00, real=0.00 secs]
2020-10-29T22:23:52.763-0800: [CMS-concurrent-preclean-start]
2020-10-29T22:23:52.764-0800: [CMS-concurrent-preclean: 0.001/0.001 secs] [Times: user=0.00 sys=0.00, real=0.00 secs]
2020-10-29T22:23:52.764-0800: [CMS-concurrent-abortable-preclean-start]
{Heap before GC invocations=5 (full 1):
 par new generation   total 78656K, used 78653K [0x00000006c0000000, 0x00000006c5550000, 0x00000006f4000000)
  eden space 69952K, 100% used [0x00000006c0000000, 0x00000006c4450000, 0x00000006c4450000)
  from space 8704K,  99% used [0x00000006c4cd0000, 0x00000006c554f7f0, 0x00000006c5550000)
  to   space 8704K,   0% used [0x00000006c4450000, 0x00000006c4450000, 0x00000006c4cd0000)
 concurrent mark-sweep generation total 174784K, used 104576K [0x00000006f4000000, 0x00000006feab0000, 0x00000007c0000000)
 Metaspace       used 2729K, capacity 4486K, committed 4864K, reserved 1056768K
  class space    used 297K, capacity 386K, committed 512K, reserved 1048576K
2020-10-29T22:23:52.773-0800: [GC (Allocation Failure) 2020-10-29T22:23:52.773-0800: [ParNew: 78653K->8700K(78656K), 0.0144666 secs] 183230K->135699K(253440K), 0.0144970 secs] [Times: user=0.13 sys=0.01, real=0.01 secs]
Heap after GC invocations=6 (full 1):
 par new generation   total 78656K, used 8700K [0x00000006c0000000, 0x00000006c5550000, 0x00000006f4000000)
  eden space 69952K,   0% used [0x00000006c0000000, 0x00000006c0000000, 0x00000006c4450000)
  from space 8704K,  99% used [0x00000006c4450000, 0x00000006c4ccf028, 0x00000006c4cd0000)
  to   space 8704K,   0% used [0x00000006c4cd0000, 0x00000006c4cd0000, 0x00000006c5550000)
 concurrent mark-sweep generation total 174784K, used 126999K [0x00000006f4000000, 0x00000006feab0000, 0x00000007c0000000)
 Metaspace       used 2729K, capacity 4486K, committed 4864K, reserved 1056768K
  class space    used 297K, capacity 386K, committed 512K, reserved 1048576K
}
{Heap before GC invocations=6 (full 1):
 par new generation   total 78656K, used 78652K [0x00000006c0000000, 0x00000006c5550000, 0x00000006f4000000)
  eden space 69952K, 100% used [0x00000006c0000000, 0x00000006c4450000, 0x00000006c4450000)
  from space 8704K,  99% used [0x00000006c4450000, 0x00000006c4ccf028, 0x00000006c4cd0000)
  to   space 8704K,   0% used [0x00000006c4cd0000, 0x00000006c4cd0000, 0x00000006c5550000)
 concurrent mark-sweep generation total 174784K, used 126999K [0x00000006f4000000, 0x00000006feab0000, 0x00000007c0000000)
 Metaspace       used 2729K, capacity 4486K, committed 4864K, reserved 1056768K
  class space    used 297K, capacity 386K, committed 512K, reserved 1048576K
2020-10-29T22:23:52.796-0800: [GC (Allocation Failure) 2020-10-29T22:23:52.796-0800: [ParNew: 78652K->8703K(78656K), 0.0126785 secs] 205651K->156701K(253440K), 0.0127106 secs] [Times: user=0.12 sys=0.01, real=0.01 secs]
Heap after GC invocations=7 (full 1):
 par new generation   total 78656K, used 8703K [0x00000006c0000000, 0x00000006c5550000, 0x00000006f4000000)
  eden space 69952K,   0% used [0x00000006c0000000, 0x00000006c0000000, 0x00000006c4450000)
  from space 8704K,  99% used [0x00000006c4cd0000, 0x00000006c554fc18, 0x00000006c5550000)
  to   space 8704K,   0% used [0x00000006c4450000, 0x00000006c4450000, 0x00000006c4cd0000)
 concurrent mark-sweep generation total 174784K, used 147998K [0x00000006f4000000, 0x00000006feab0000, 0x00000007c0000000)
 Metaspace       used 2729K, capacity 4486K, committed 4864K, reserved 1056768K
  class space    used 297K, capacity 386K, committed 512K, reserved 1048576K
}
{Heap before GC invocations=7 (full 1):
 par new generation   total 78656K, used 78598K [0x00000006c0000000, 0x00000006c5550000, 0x00000006f4000000)
  eden space 69952K,  99% used [0x00000006c0000000, 0x00000006c4441eb8, 0x00000006c4450000)
  from space 8704K,  99% used [0x00000006c4cd0000, 0x00000006c554fc18, 0x00000006c5550000)
  to   space 8704K,   0% used [0x00000006c4450000, 0x00000006c4450000, 0x00000006c4cd0000)
 concurrent mark-sweep generation total 174784K, used 147998K [0x00000006f4000000, 0x00000006feab0000, 0x00000007c0000000)
 Metaspace       used 2729K, capacity 4486K, committed 4864K, reserved 1056768K
  class space    used 297K, capacity 386K, committed 512K, reserved 1048576K
2020-10-29T22:23:52.820-0800: [GC (Allocation Failure) 2020-10-29T22:23:52.820-0800: [ParNew: 78598K->8702K(78656K), 0.0118792 secs] 226597K->177713K(253440K), 0.0119050 secs] [Times: user=0.11 sys=0.00, real=0.01 secs]
Heap after GC invocations=8 (full 1):
 par new generation   total 78656K, used 8702K [0x00000006c0000000, 0x00000006c5550000, 0x00000006f4000000)
  eden space 69952K,   0% used [0x00000006c0000000, 0x00000006c0000000, 0x00000006c4450000)
  from space 8704K,  99% used [0x00000006c4450000, 0x00000006c4ccfb88, 0x00000006c4cd0000)
  to   space 8704K,   0% used [0x00000006c4cd0000, 0x00000006c4cd0000, 0x00000006c5550000)
 concurrent mark-sweep generation total 174784K, used 169010K [0x00000006f4000000, 0x00000006feab0000, 0x00000007c0000000)
 Metaspace       used 2729K, capacity 4486K, committed 4864K, reserved 1056768K
  class space    used 297K, capacity 386K, committed 512K, reserved 1048576K
}
{Heap before GC invocations=8 (full 1):
 par new generation   total 78656K, used 78644K [0x00000006c0000000, 0x00000006c5550000, 0x00000006f4000000)
  eden space 69952K,  99% used [0x00000006c0000000, 0x00000006c444d508, 0x00000006c4450000)
  from space 8704K,  99% used [0x00000006c4450000, 0x00000006c4ccfb88, 0x00000006c4cd0000)
  to   space 8704K,   0% used [0x00000006c4cd0000, 0x00000006c4cd0000, 0x00000006c5550000)
 concurrent mark-sweep generation total 174784K, used 169010K [0x00000006f4000000, 0x00000006feab0000, 0x00000007c0000000)
 Metaspace       used 2729K, capacity 4486K, committed 4864K, reserved 1056768K
  class space    used 297K, capacity 386K, committed 512K, reserved 1048576K
2020-10-29T22:23:52.846-0800: [GC (Allocation Failure) 2020-10-29T22:23:52.846-0800: [ParNew: 78644K->8701K(78656K), 0.0132494 secs] 247655K->200035K(270668K), 0.0132818 secs] [Times: user=0.12 sys=0.01, real=0.01 secs]
Heap after GC invocations=9 (full 1):
 par new generation   total 78656K, used 8701K [0x00000006c0000000, 0x00000006c5550000, 0x00000006f4000000)
  eden space 69952K,   0% used [0x00000006c0000000, 0x00000006c0000000, 0x00000006c4450000)
  from space 8704K,  99% used [0x00000006c4cd0000, 0x00000006c554f7c8, 0x00000006c5550000)
  to   space 8704K,   0% used [0x00000006c4450000, 0x00000006c4450000, 0x00000006c4cd0000)
 concurrent mark-sweep generation total 192012K, used 191333K [0x00000006f4000000, 0x00000006ffb83000, 0x00000007c0000000)
 Metaspace       used 2729K, capacity 4486K, committed 4864K, reserved 1056768K
  class space    used 297K, capacity 386K, committed 512K, reserved 1048576K
}
{Heap before GC invocations=9 (full 1):
 par new generation   total 78656K, used 78653K [0x00000006c0000000, 0x00000006c5550000, 0x00000006f4000000)
  eden space 69952K, 100% used [0x00000006c0000000, 0x00000006c4450000, 0x00000006c4450000)
  from space 8704K,  99% used [0x00000006c4cd0000, 0x00000006c554f7c8, 0x00000006c5550000)
  to   space 8704K,   0% used [0x00000006c4450000, 0x00000006c4450000, 0x00000006c4cd0000)
 concurrent mark-sweep generation total 192012K, used 191333K [0x00000006f4000000, 0x00000006ffb83000, 0x00000007c0000000)
 Metaspace       used 2729K, capacity 4486K, committed 4864K, reserved 1056768K
  class space    used 297K, capacity 386K, committed 512K, reserved 1048576K
2020-10-29T22:23:52.869-0800: [GC (Allocation Failure) 2020-10-29T22:23:52.869-0800: [ParNew: 78653K->8702K(78656K), 0.0155363 secs] 269987K->224208K(294724K), 0.0155678 secs] [Times: user=0.14 sys=0.01, real=0.02 secs]
Heap after GC invocations=10 (full 1):
 par new generation   total 78656K, used 8702K [0x00000006c0000000, 0x00000006c5550000, 0x00000006f4000000)
  eden space 69952K,   0% used [0x00000006c0000000, 0x00000006c0000000, 0x00000006c4450000)
  from space 8704K,  99% used [0x00000006c4450000, 0x00000006c4ccf9b8, 0x00000006c4cd0000)
  to   space 8704K,   0% used [0x00000006c4cd0000, 0x00000006c4cd0000, 0x00000006c5550000)
 concurrent mark-sweep generation total 216068K, used 215506K [0x00000006f4000000, 0x0000000701301000, 0x00000007c0000000)
 Metaspace       used 2729K, capacity 4486K, committed 4864K, reserved 1056768K
  class space    used 297K, capacity 386K, committed 512K, reserved 1048576K
}
{Heap before GC invocations=10 (full 1):
 par new generation   total 78656K, used 78654K [0x00000006c0000000, 0x00000006c5550000, 0x00000006f4000000)
  eden space 69952K, 100% used [0x00000006c0000000, 0x00000006c4450000, 0x00000006c4450000)
  from space 8704K,  99% used [0x00000006c4450000, 0x00000006c4ccf9b8, 0x00000006c4cd0000)
  to   space 8704K,   0% used [0x00000006c4cd0000, 0x00000006c4cd0000, 0x00000006c5550000)
 concurrent mark-sweep generation total 216068K, used 215506K [0x00000006f4000000, 0x0000000701301000, 0x00000007c0000000)
 Metaspace       used 2729K, capacity 4486K, committed 4864K, reserved 1056768K
  class space    used 297K, capacity 386K, committed 512K, reserved 1048576K
2020-10-29T22:23:52.894-0800: [GC (Allocation Failure) 2020-10-29T22:23:52.894-0800: [ParNew: 78654K->8703K(78656K), 0.0139973 secs] 294160K->247222K(317840K), 0.0140246 secs] [Times: user=0.13 sys=0.01, real=0.01 secs]
Heap after GC invocations=11 (full 1):
 par new generation   total 78656K, used 8703K [0x00000006c0000000, 0x00000006c5550000, 0x00000006f4000000)
  eden space 69952K,   0% used [0x00000006c0000000, 0x00000006c0000000, 0x00000006c4450000)
  from space 8704K,  99% used [0x00000006c4cd0000, 0x00000006c554fe98, 0x00000006c5550000)
  to   space 8704K,   0% used [0x00000006c4450000, 0x00000006c4450000, 0x00000006c4cd0000)
 concurrent mark-sweep generation total 239184K, used 238518K [0x00000006f4000000, 0x0000000702994000, 0x00000007c0000000)
 Metaspace       used 2729K, capacity 4486K, committed 4864K, reserved 1056768K
  class space    used 297K, capacity 386K, committed 512K, reserved 1048576K
}
{Heap before GC invocations=11 (full 1):
 par new generation   total 78656K, used 78655K [0x00000006c0000000, 0x00000006c5550000, 0x00000006f4000000)
  eden space 69952K, 100% used [0x00000006c0000000, 0x00000006c4450000, 0x00000006c4450000)
  from space 8704K,  99% used [0x00000006c4cd0000, 0x00000006c554fe98, 0x00000006c5550000)
  to   space 8704K,   0% used [0x00000006c4450000, 0x00000006c4450000, 0x00000006c4cd0000)
 concurrent mark-sweep generation total 239184K, used 238518K [0x00000006f4000000, 0x0000000702994000, 0x00000007c0000000)
 Metaspace       used 2729K, capacity 4486K, committed 4864K, reserved 1056768K
  class space    used 297K, capacity 386K, committed 512K, reserved 1048576K
2020-10-29T22:23:52.921-0800: [GC (Allocation Failure) 2020-10-29T22:23:52.921-0800: [ParNew: 78655K->8703K(78656K), 0.0149390 secs] 317174K->272582K(343124K), 0.0150104 secs] [Times: user=0.14 sys=0.01, real=0.01 secs]
Heap after GC invocations=12 (full 1):
 par new generation   total 78656K, used 8703K [0x00000006c0000000, 0x00000006c5550000, 0x00000006f4000000)
  eden space 69952K,   0% used [0x00000006c0000000, 0x00000006c0000000, 0x00000006c4450000)
  from space 8704K,  99% used [0x00000006c4450000, 0x00000006c4ccfec8, 0x00000006c4cd0000)
  to   space 8704K,   0% used [0x00000006c4cd0000, 0x00000006c4cd0000, 0x00000006c5550000)
 concurrent mark-sweep generation total 264468K, used 263879K [0x00000006f4000000, 0x0000000704245000, 0x00000007c0000000)
 Metaspace       used 2729K, capacity 4486K, committed 4864K, reserved 1056768K
  class space    used 297K, capacity 386K, committed 512K, reserved 1048576K
}
{Heap before GC invocations=12 (full 1):
 par new generation   total 78656K, used 78466K [0x00000006c0000000, 0x00000006c5550000, 0x00000006f4000000)
  eden space 69952K,  99% used [0x00000006c0000000, 0x00000006c4420b00, 0x00000006c4450000)
  from space 8704K,  99% used [0x00000006c4450000, 0x00000006c4ccfec8, 0x00000006c4cd0000)
  to   space 8704K,   0% used [0x00000006c4cd0000, 0x00000006c4cd0000, 0x00000006c5550000)
 concurrent mark-sweep generation total 264468K, used 263879K [0x00000006f4000000, 0x0000000704245000, 0x00000007c0000000)
 Metaspace       used 2729K, capacity 4486K, committed 4864K, reserved 1056768K
  class space    used 297K, capacity 386K, committed 512K, reserved 1048576K
2020-10-29T22:23:52.949-0800: [GC (Allocation Failure) 2020-10-29T22:23:52.949-0800: [ParNew: 78466K->8698K(78656K), 0.0141363 secs] 342345K->294647K(365244K), 0.0141655 secs] [Times: user=0.13 sys=0.00, real=0.02 secs]
Heap after GC invocations=13 (full 1):
 par new generation   total 78656K, used 8698K [0x00000006c0000000, 0x00000006c5550000, 0x00000006f4000000)
  eden space 69952K,   0% used [0x00000006c0000000, 0x00000006c0000000, 0x00000006c4450000)
  from space 8704K,  99% used [0x00000006c4cd0000, 0x00000006c554e9b0, 0x00000006c5550000)
  to   space 8704K,   0% used [0x00000006c4450000, 0x00000006c4450000, 0x00000006c4cd0000)
 concurrent mark-sweep generation total 286588K, used 285949K [0x00000006f4000000, 0x00000007057df000, 0x00000007c0000000)
 Metaspace       used 2729K, capacity 4486K, committed 4864K, reserved 1056768K
  class space    used 297K, capacity 386K, committed 512K, reserved 1048576K
}
{Heap before GC invocations=13 (full 1):
 par new generation   total 78656K, used 78548K [0x00000006c0000000, 0x00000006c5550000, 0x00000006f4000000)
  eden space 69952K,  99% used [0x00000006c0000000, 0x00000006c44369a8, 0x00000006c4450000)
  from space 8704K,  99% used [0x00000006c4cd0000, 0x00000006c554e9b0, 0x00000006c5550000)
  to   space 8704K,   0% used [0x00000006c4450000, 0x00000006c4450000, 0x00000006c4cd0000)
 concurrent mark-sweep generation total 286588K, used 285949K [0x00000006f4000000, 0x00000007057df000, 0x00000007c0000000)
 Metaspace       used 2729K, capacity 4486K, committed 4864K, reserved 1056768K
  class space    used 297K, capacity 386K, committed 512K, reserved 1048576K
2020-10-29T22:23:52.975-0800: [GC (Allocation Failure) 2020-10-29T22:23:52.975-0800: [ParNew: 78548K->8699K(78656K), 0.0184332 secs] 364498K->323440K(394000K), 0.0184639 secs] [Times: user=0.16 sys=0.01, real=0.02 secs]
Heap after GC invocations=14 (full 1):
 par new generation   total 78656K, used 8699K [0x00000006c0000000, 0x00000006c5550000, 0x00000006f4000000)
  eden space 69952K,   0% used [0x00000006c0000000, 0x00000006c0000000, 0x00000006c4450000)
  from space 8704K,  99% used [0x00000006c4450000, 0x00000006c4ccedc8, 0x00000006c4cd0000)
  to   space 8704K,   0% used [0x00000006c4cd0000, 0x00000006c4cd0000, 0x00000006c5550000)
 concurrent mark-sweep generation total 315344K, used 314740K [0x00000006f4000000, 0x00000007073f4000, 0x00000007c0000000)
 Metaspace       used 2729K, capacity 4486K, committed 4864K, reserved 1056768K
  class space    used 297K, capacity 386K, committed 512K, reserved 1048576K
}
{Heap before GC invocations=14 (full 1):
 par new generation   total 78656K, used 78651K [0x00000006c0000000, 0x00000006c5550000, 0x00000006f4000000)
  eden space 69952K, 100% used [0x00000006c0000000, 0x00000006c4450000, 0x00000006c4450000)
  from space 8704K,  99% used [0x00000006c4450000, 0x00000006c4ccedc8, 0x00000006c4cd0000)
  to   space 8704K,   0% used [0x00000006c4cd0000, 0x00000006c4cd0000, 0x00000006c5550000)
 concurrent mark-sweep generation total 315344K, used 314740K [0x00000006f4000000, 0x00000007073f4000, 0x00000007c0000000)
 Metaspace       used 2729K, capacity 4486K, committed 4864K, reserved 1056768K
  class space    used 297K, capacity 386K, committed 512K, reserved 1048576K
2020-10-29T22:23:53.002-0800: [GC (Allocation Failure) 2020-10-29T22:23:53.002-0800: [ParNew: 78651K->8702K(78656K), 0.0162877 secs] 393392K->348560K(419284K), 0.0163297 secs] [Times: user=0.15 sys=0.00, real=0.01 secs]
Heap after GC invocations=15 (full 1):
 par new generation   total 78656K, used 8702K [0x00000006c0000000, 0x00000006c5550000, 0x00000006f4000000)
  eden space 69952K,   0% used [0x00000006c0000000, 0x00000006c0000000, 0x00000006c4450000)
  from space 8704K,  99% used [0x00000006c4cd0000, 0x00000006c554fa38, 0x00000006c5550000)
  to   space 8704K,   0% used [0x00000006c4450000, 0x00000006c4450000, 0x00000006c4cd0000)
 concurrent mark-sweep generation total 340628K, used 339857K [0x00000006f4000000, 0x0000000708ca5000, 0x00000007c0000000)
 Metaspace       used 2729K, capacity 4486K, committed 4864K, reserved 1056768K
  class space    used 297K, capacity 386K, committed 512K, reserved 1048576K
}
{Heap before GC invocations=15 (full 1):
 par new generation   total 78656K, used 78654K [0x00000006c0000000, 0x00000006c5550000, 0x00000006f4000000)
  eden space 69952K, 100% used [0x00000006c0000000, 0x00000006c4450000, 0x00000006c4450000)
  from space 8704K,  99% used [0x00000006c4cd0000, 0x00000006c554fa38, 0x00000006c5550000)
  to   space 8704K,   0% used [0x00000006c4450000, 0x00000006c4450000, 0x00000006c4cd0000)
 concurrent mark-sweep generation total 340628K, used 339857K [0x00000006f4000000, 0x0000000708ca5000, 0x00000007c0000000)
 Metaspace       used 2729K, capacity 4486K, committed 4864K, reserved 1056768K
  class space    used 297K, capacity 386K, committed 512K, reserved 1048576K
2020-10-29T22:23:53.028-0800: [GC (Allocation Failure) 2020-10-29T22:23:53.028-0800: [ParNew: 78654K->8702K(78656K), 0.0147864 secs] 418512K->372571K(443300K), 0.0148509 secs] [Times: user=0.13 sys=0.01, real=0.02 secs]
Heap after GC invocations=16 (full 1):
 par new generation   total 78656K, used 8702K [0x00000006c0000000, 0x00000006c5550000, 0x00000006f4000000)
  eden space 69952K,   0% used [0x00000006c0000000, 0x00000006c0000000, 0x00000006c4450000)
  from space 8704K,  99% used [0x00000006c4450000, 0x00000006c4ccf900, 0x00000006c4cd0000)
  to   space 8704K,   0% used [0x00000006c4cd0000, 0x00000006c4cd0000, 0x00000006c5550000)
 concurrent mark-sweep generation total 364644K, used 363869K [0x00000006f4000000, 0x000000070a419000, 0x00000007c0000000)
 Metaspace       used 2729K, capacity 4486K, committed 4864K, reserved 1056768K
  class space    used 297K, capacity 386K, committed 512K, reserved 1048576K
}
{Heap before GC invocations=16 (full 1):
 par new generation   total 78656K, used 78654K [0x00000006c0000000, 0x00000006c5550000, 0x00000006f4000000)
  eden space 69952K, 100% used [0x00000006c0000000, 0x00000006c4450000, 0x00000006c4450000)
  from space 8704K,  99% used [0x00000006c4450000, 0x00000006c4ccf900, 0x00000006c4cd0000)
  to   space 8704K,   0% used [0x00000006c4cd0000, 0x00000006c4cd0000, 0x00000006c5550000)
 concurrent mark-sweep generation total 364644K, used 363869K [0x00000006f4000000, 0x000000070a419000, 0x00000007c0000000)
 Metaspace       used 2729K, capacity 4486K, committed 4864K, reserved 1056768K
  class space    used 297K, capacity 386K, committed 512K, reserved 1048576K
2020-10-29T22:23:53.054-0800: [GC (Allocation Failure) 2020-10-29T22:23:53.054-0800: [ParNew: 78654K->8700K(78656K), 0.0149719 secs] 442523K->397780K(468556K), 0.0150103 secs] [Times: user=0.14 sys=0.01, real=0.01 secs]
Heap after GC invocations=17 (full 1):
 par new generation   total 78656K, used 8700K [0x00000006c0000000, 0x00000006c5550000, 0x00000006f4000000)
  eden space 69952K,   0% used [0x00000006c0000000, 0x00000006c0000000, 0x00000006c4450000)
  from space 8704K,  99% used [0x00000006c4cd0000, 0x00000006c554f210, 0x00000006c5550000)
  to   space 8704K,   0% used [0x00000006c4450000, 0x00000006c4450000, 0x00000006c4cd0000)
 concurrent mark-sweep generation total 389900K, used 389080K [0x00000006f4000000, 0x000000070bcc3000, 0x00000007c0000000)
 Metaspace       used 2729K, capacity 4486K, committed 4864K, reserved 1056768K
  class space    used 297K, capacity 386K, committed 512K, reserved 1048576K
}
{Heap before GC invocations=17 (full 1):
 par new generation   total 78656K, used 78652K [0x00000006c0000000, 0x00000006c5550000, 0x00000006f4000000)
  eden space 69952K, 100% used [0x00000006c0000000, 0x00000006c4450000, 0x00000006c4450000)
  from space 8704K,  99% used [0x00000006c4cd0000, 0x00000006c554f210, 0x00000006c5550000)
  to   space 8704K,   0% used [0x00000006c4450000, 0x00000006c4450000, 0x00000006c4cd0000)
 concurrent mark-sweep generation total 389900K, used 389080K [0x00000006f4000000, 0x000000070bcc3000, 0x00000007c0000000)
 Metaspace       used 2729K, capacity 4486K, committed 4864K, reserved 1056768K
  class space    used 297K, capacity 386K, committed 512K, reserved 1048576K
2020-10-29T22:23:53.081-0800: [GC (Allocation Failure) 2020-10-29T22:23:53.081-0800: [ParNew: 78652K->8701K(78656K), 0.0168269 secs] 467732K->425806K(496576K), 0.0168725 secs] [Times: user=0.15 sys=0.01, real=0.01 secs]
Heap after GC invocations=18 (full 1):
 par new generation   total 78656K, used 8701K [0x00000006c0000000, 0x00000006c5550000, 0x00000006f4000000)
  eden space 69952K,   0% used [0x00000006c0000000, 0x00000006c0000000, 0x00000006c4450000)
  from space 8704K,  99% used [0x00000006c4450000, 0x00000006c4ccf4e0, 0x00000006c4cd0000)
  to   space 8704K,   0% used [0x00000006c4cd0000, 0x00000006c4cd0000, 0x00000006c5550000)
 concurrent mark-sweep generation total 417920K, used 417105K [0x00000006f4000000, 0x000000070d820000, 0x00000007c0000000)
 Metaspace       used 2729K, capacity 4486K, committed 4864K, reserved 1056768K
  class space    used 297K, capacity 386K, committed 512K, reserved 1048576K
}
{Heap before GC invocations=18 (full 1):
 par new generation   total 78656K, used 78382K [0x00000006c0000000, 0x00000006c5550000, 0x00000006f4000000)
  eden space 69952K,  99% used [0x00000006c0000000, 0x00000006c440c6e0, 0x00000006c4450000)
  from space 8704K,  99% used [0x00000006c4450000, 0x00000006c4ccf4e0, 0x00000006c4cd0000)
  to   space 8704K,   0% used [0x00000006c4cd0000, 0x00000006c4cd0000, 0x00000006c5550000)
 concurrent mark-sweep generation total 417920K, used 417105K [0x00000006f4000000, 0x000000070d820000, 0x00000007c0000000)
 Metaspace       used 2729K, capacity 4486K, committed 4864K, reserved 1056768K
  class space    used 297K, capacity 386K, committed 512K, reserved 1048576K
2020-10-29T22:23:53.111-0800: [GC (Allocation Failure) 2020-10-29T22:23:53.111-0800: [ParNew: 78382K->8701K(78656K), 0.0126856 secs] 495488K->444340K(515100K), 0.0127124 secs] [Times: user=0.11 sys=0.01, real=0.01 secs]
Heap after GC invocations=19 (full 1):
 par new generation   total 78656K, used 8701K [0x00000006c0000000, 0x00000006c5550000, 0x00000006f4000000)
  eden space 69952K,   0% used [0x00000006c0000000, 0x00000006c0000000, 0x00000006c4450000)
  from space 8704K,  99% used [0x00000006c4cd0000, 0x00000006c554f698, 0x00000006c5550000)
  to   space 8704K,   0% used [0x00000006c4450000, 0x00000006c4450000, 0x00000006c4cd0000)
 concurrent mark-sweep generation total 436444K, used 435638K [0x00000006f4000000, 0x000000070ea37000, 0x00000007c0000000)
 Metaspace       used 2729K, capacity 4486K, committed 4864K, reserved 1056768K
  class space    used 297K, capacity 386K, committed 512K, reserved 1048576K
}
{Heap before GC invocations=19 (full 1):
 par new generation   total 78656K, used 78390K [0x00000006c0000000, 0x00000006c5550000, 0x00000006f4000000)
  eden space 69952K,  99% used [0x00000006c0000000, 0x00000006c440e1f8, 0x00000006c4450000)
  from space 8704K,  99% used [0x00000006c4cd0000, 0x00000006c554f698, 0x00000006c5550000)
  to   space 8704K,   0% used [0x00000006c4450000, 0x00000006c4450000, 0x00000006c4cd0000)
 concurrent mark-sweep generation total 436444K, used 435638K [0x00000006f4000000, 0x000000070ea37000, 0x00000007c0000000)
 Metaspace       used 2729K, capacity 4486K, committed 4864K, reserved 1056768K
  class space    used 297K, capacity 386K, committed 512K, reserved 1048576K
2020-10-29T22:23:53.133-0800: [GC (Allocation Failure) 2020-10-29T22:23:53.133-0800: [ParNew: 78390K->8702K(78656K), 0.0136742 secs] 514028K->465656K(536376K), 0.0137015 secs] [Times: user=0.12 sys=0.01, real=0.01 secs]
Heap after GC invocations=20 (full 1):
 par new generation   total 78656K, used 8702K [0x00000006c0000000, 0x00000006c5550000, 0x00000006f4000000)
  eden space 69952K,   0% used [0x00000006c0000000, 0x00000006c0000000, 0x00000006c4450000)
  from space 8704K,  99% used [0x00000006c4450000, 0x00000006c4ccf840, 0x00000006c4cd0000)
  to   space 8704K,   0% used [0x00000006c4cd0000, 0x00000006c4cd0000, 0x00000006c5550000)
 concurrent mark-sweep generation total 457720K, used 456954K [0x00000006f4000000, 0x000000070fefe000, 0x00000007c0000000)
 Metaspace       used 2729K, capacity 4486K, committed 4864K, reserved 1056768K
  class space    used 297K, capacity 386K, committed 512K, reserved 1048576K
}
{Heap before GC invocations=20 (full 1):
 par new generation   total 78656K, used 78386K [0x00000006c0000000, 0x00000006c5550000, 0x00000006f4000000)
  eden space 69952K,  99% used [0x00000006c0000000, 0x00000006c440cff8, 0x00000006c4450000)
  from space 8704K,  99% used [0x00000006c4450000, 0x00000006c4ccf840, 0x00000006c4cd0000)
  to   space 8704K,   0% used [0x00000006c4cd0000, 0x00000006c4cd0000, 0x00000006c5550000)
 concurrent mark-sweep generation total 457720K, used 456954K [0x00000006f4000000, 0x000000070fefe000, 0x00000007c0000000)
 Metaspace       used 2729K, capacity 4486K, committed 4864K, reserved 1056768K
  class space    used 297K, capacity 386K, committed 512K, reserved 1048576K
2020-10-29T22:23:53.157-0800: [GC (Allocation Failure) 2020-10-29T22:23:53.157-0800: [ParNew: 78386K->8701K(78656K), 0.0131198 secs] 535340K->487077K(557776K), 0.0131459 secs] [Times: user=0.12 sys=0.00, real=0.02 secs]
Heap after GC invocations=21 (full 1):
 par new generation   total 78656K, used 8701K [0x00000006c0000000, 0x00000006c5550000, 0x00000006f4000000)
  eden space 69952K,   0% used [0x00000006c0000000, 0x00000006c0000000, 0x00000006c4450000)
  from space 8704K,  99% used [0x00000006c4cd0000, 0x00000006c554f6d8, 0x00000006c5550000)
  to   space 8704K,   0% used [0x00000006c4450000, 0x00000006c4450000, 0x00000006c4cd0000)
 concurrent mark-sweep generation total 479120K, used 478375K [0x00000006f4000000, 0x00000007113e4000, 0x00000007c0000000)
 Metaspace       used 2729K, capacity 4486K, committed 4864K, reserved 1056768K
  class space    used 297K, capacity 386K, committed 512K, reserved 1048576K
}
{Heap before GC invocations=21 (full 1):
 par new generation   total 78656K, used 78653K [0x00000006c0000000, 0x00000006c5550000, 0x00000006f4000000)
  eden space 69952K, 100% used [0x00000006c0000000, 0x00000006c4450000, 0x00000006c4450000)
  from space 8704K,  99% used [0x00000006c4cd0000, 0x00000006c554f6d8, 0x00000006c5550000)
  to   space 8704K,   0% used [0x00000006c4450000, 0x00000006c4450000, 0x00000006c4cd0000)
 concurrent mark-sweep generation total 479120K, used 478375K [0x00000006f4000000, 0x00000007113e4000, 0x00000007c0000000)
 Metaspace       used 2729K, capacity 4486K, committed 4864K, reserved 1056768K
  class space    used 297K, capacity 386K, committed 512K, reserved 1048576K
2020-10-29T22:23:53.183-0800: [GC (Allocation Failure) 2020-10-29T22:23:53.183-0800: [ParNew: 78653K->8690K(78656K), 0.0123026 secs] 557029K->505932K(576608K), 0.0123292 secs] [Times: user=0.11 sys=0.01, real=0.01 secs]
Heap after GC invocations=22 (full 1):
 par new generation   total 78656K, used 8690K [0x00000006c0000000, 0x00000006c5550000, 0x00000006f4000000)
  eden space 69952K,   0% used [0x00000006c0000000, 0x00000006c0000000, 0x00000006c4450000)
  from space 8704K,  99% used [0x00000006c4450000, 0x00000006c4ccc8c8, 0x00000006c4cd0000)
  to   space 8704K,   0% used [0x00000006c4cd0000, 0x00000006c4cd0000, 0x00000006c5550000)
 concurrent mark-sweep generation total 497952K, used 497242K [0x00000006f4000000, 0x0000000712648000, 0x00000007c0000000)
 Metaspace       used 2729K, capacity 4486K, committed 4864K, reserved 1056768K
  class space    used 297K, capacity 386K, committed 512K, reserved 1048576K
}
{Heap before GC invocations=22 (full 1):
 par new generation   total 78656K, used 78642K [0x00000006c0000000, 0x00000006c5550000, 0x00000006f4000000)
  eden space 69952K, 100% used [0x00000006c0000000, 0x00000006c4450000, 0x00000006c4450000)
  from space 8704K,  99% used [0x00000006c4450000, 0x00000006c4ccc8c8, 0x00000006c4cd0000)
  to   space 8704K,   0% used [0x00000006c4cd0000, 0x00000006c4cd0000, 0x00000006c5550000)
 concurrent mark-sweep generation total 497952K, used 497242K [0x00000006f4000000, 0x0000000712648000, 0x00000007c0000000)
 Metaspace       used 2729K, capacity 4486K, committed 4864K, reserved 1056768K
  class space    used 297K, capacity 386K, committed 512K, reserved 1048576K
2020-10-29T22:23:53.204-0800: [GC (Allocation Failure) 2020-10-29T22:23:53.204-0800: [ParNew: 78642K->8700K(78656K), 0.0149699 secs] 575884K->526035K(596720K), 0.0150246 secs] [Times: user=0.14 sys=0.01, real=0.01 secs]
Heap after GC invocations=23 (full 1):
 par new generation   total 78656K, used 8700K [0x00000006c0000000, 0x00000006c5550000, 0x00000006f4000000)
  eden space 69952K,   0% used [0x00000006c0000000, 0x00000006c0000000, 0x00000006c4450000)
  from space 8704K,  99% used [0x00000006c4cd0000, 0x00000006c554f208, 0x00000006c5550000)
  to   space 8704K,   0% used [0x00000006c4450000, 0x00000006c4450000, 0x00000006c4cd0000)
 concurrent mark-sweep generation total 518064K, used 517334K [0x00000006f4000000, 0x00000007139ec000, 0x00000007c0000000)
 Metaspace       used 2729K, capacity 4486K, committed 4864K, reserved 1056768K
  class space    used 297K, capacity 386K, committed 512K, reserved 1048576K
}
{Heap before GC invocations=23 (full 1):
 par new generation   total 78656K, used 78006K [0x00000006c0000000, 0x00000006c5550000, 0x00000006f4000000)
  eden space 69952K,  99% used [0x00000006c0000000, 0x00000006c43ae940, 0x00000006c4450000)
  from space 8704K,  99% used [0x00000006c4cd0000, 0x00000006c554f208, 0x00000006c5550000)
  to   space 8704K,   0% used [0x00000006c4450000, 0x00000006c4450000, 0x00000006c4cd0000)
 concurrent mark-sweep generation total 518064K, used 517334K [0x00000006f4000000, 0x00000007139ec000, 0x00000007c0000000)
 Metaspace       used 2729K, capacity 4486K, committed 4864K, reserved 1056768K
  class space    used 297K, capacity 386K, committed 512K, reserved 1048576K
2020-10-29T22:23:53.227-0800: [GC (Allocation Failure) 2020-10-29T22:23:53.227-0800: [ParNew: 78006K->8700K(78656K), 0.0158761 secs] 595341K->551463K(622168K), 0.0159033 secs] [Times: user=0.14 sys=0.01, real=0.02 secs]
Heap after GC invocations=24 (full 1):
 par new generation   total 78656K, used 8700K [0x00000006c0000000, 0x00000006c5550000, 0x00000006f4000000)
  eden space 69952K,   0% used [0x00000006c0000000, 0x00000006c0000000, 0x00000006c4450000)
  from space 8704K,  99% used [0x00000006c4450000, 0x00000006c4ccf338, 0x00000006c4cd0000)
  to   space 8704K,   0% used [0x00000006c4cd0000, 0x00000006c4cd0000, 0x00000006c5550000)
 concurrent mark-sweep generation total 543512K, used 542762K [0x00000006f4000000, 0x00000007152c6000, 0x00000007c0000000)
 Metaspace       used 2729K, capacity 4486K, committed 4864K, reserved 1056768K
  class space    used 297K, capacity 386K, committed 512K, reserved 1048576K
}
{Heap before GC invocations=24 (full 1):
 par new generation   total 78656K, used 78652K [0x00000006c0000000, 0x00000006c5550000, 0x00000006f4000000)
  eden space 69952K, 100% used [0x00000006c0000000, 0x00000006c4450000, 0x00000006c4450000)
  from space 8704K,  99% used [0x00000006c4450000, 0x00000006c4ccf338, 0x00000006c4cd0000)
  to   space 8704K,   0% used [0x00000006c4cd0000, 0x00000006c4cd0000, 0x00000006c5550000)
 concurrent mark-sweep generation total 543512K, used 542762K [0x00000006f4000000, 0x00000007152c6000, 0x00000007c0000000)
 Metaspace       used 2729K, capacity 4486K, committed 4864K, reserved 1056768K
  class space    used 297K, capacity 386K, committed 512K, reserved 1048576K
2020-10-29T22:23:53.254-0800: [GC (Allocation Failure) 2020-10-29T22:23:53.254-0800: [ParNew: 78652K->8700K(78656K), 0.0141746 secs] 621415K->575361K(646212K), 0.0142051 secs] [Times: user=0.13 sys=0.01, real=0.01 secs]
Heap after GC invocations=25 (full 1):
 par new generation   total 78656K, used 8700K [0x00000006c0000000, 0x00000006c5550000, 0x00000006f4000000)
  eden space 69952K,   0% used [0x00000006c0000000, 0x00000006c0000000, 0x00000006c4450000)
  from space 8704K,  99% used [0x00000006c4cd0000, 0x00000006c554f3b0, 0x00000006c5550000)
  to   space 8704K,   0% used [0x00000006c4450000, 0x00000006c4450000, 0x00000006c4cd0000)
 concurrent mark-sweep generation total 567556K, used 566660K [0x00000006f4000000, 0x0000000716a41000, 0x00000007c0000000)
 Metaspace       used 2729K, capacity 4486K, committed 4864K, reserved 1056768K
  class space    used 297K, capacity 386K, committed 512K, reserved 1048576K
}
{Heap before GC invocations=25 (full 1):
 par new generation   total 78656K, used 78392K [0x00000006c0000000, 0x00000006c5550000, 0x00000006f4000000)
  eden space 69952K,  99% used [0x00000006c0000000, 0x00000006c440eeb8, 0x00000006c4450000)
  from space 8704K,  99% used [0x00000006c4cd0000, 0x00000006c554f3b0, 0x00000006c5550000)
  to   space 8704K,   0% used [0x00000006c4450000, 0x00000006c4450000, 0x00000006c4cd0000)
 concurrent mark-sweep generation total 567556K, used 566660K [0x00000006f4000000, 0x0000000716a41000, 0x00000007c0000000)
 Metaspace       used 2729K, capacity 4486K, committed 4864K, reserved 1056768K
  class space    used 297K, capacity 386K, committed 512K, reserved 1048576K
2020-10-29T22:23:53.280-0800: [GC (Allocation Failure) 2020-10-29T22:23:53.280-0800: [ParNew: 78392K->8702K(78656K), 0.0148358 secs] 645052K->596108K(666940K), 0.0148636 secs] [Times: user=0.13 sys=0.01, real=0.01 secs]
Heap after GC invocations=26 (full 1):
 par new generation   total 78656K, used 8702K [0x00000006c0000000, 0x00000006c5550000, 0x00000006f4000000)
  eden space 69952K,   0% used [0x00000006c0000000, 0x00000006c0000000, 0x00000006c4450000)
  from space 8704K,  99% used [0x00000006c4450000, 0x00000006c4ccf968, 0x00000006c4cd0000)
  to   space 8704K,   0% used [0x00000006c4cd0000, 0x00000006c4cd0000, 0x00000006c5550000)
 concurrent mark-sweep generation total 588284K, used 587406K [0x00000006f4000000, 0x0000000717e7f000, 0x00000007c0000000)
 Metaspace       used 2729K, capacity 4486K, committed 4864K, reserved 1056768K
  class space    used 297K, capacity 386K, committed 512K, reserved 1048576K
}
{Heap before GC invocations=26 (full 1):
 par new generation   total 78656K, used 78525K [0x00000006c0000000, 0x00000006c5550000, 0x00000006f4000000)
  eden space 69952K,  99% used [0x00000006c0000000, 0x00000006c442fce0, 0x00000006c4450000)
  from space 8704K,  99% used [0x00000006c4450000, 0x00000006c4ccf968, 0x00000006c4cd0000)
  to   space 8704K,   0% used [0x00000006c4cd0000, 0x00000006c4cd0000, 0x00000006c5550000)
 concurrent mark-sweep generation total 588284K, used 587406K [0x00000006f4000000, 0x0000000717e7f000, 0x00000007c0000000)
 Metaspace       used 2729K, capacity 4486K, committed 4864K, reserved 1056768K
  class space    used 297K, capacity 386K, committed 512K, reserved 1048576K
2020-10-29T22:23:53.304-0800: [GC (Allocation Failure) 2020-10-29T22:23:53.304-0800: [ParNew: 78525K->8703K(78656K), 0.0179175 secs] 665931K->620185K(690872K), 0.0179484 secs] [Times: user=0.16 sys=0.01, real=0.02 secs]
Heap after GC invocations=27 (full 1):
 par new generation   total 78656K, used 8703K [0x00000006c0000000, 0x00000006c5550000, 0x00000006f4000000)
  eden space 69952K,   0% used [0x00000006c0000000, 0x00000006c0000000, 0x00000006c4450000)
  from space 8704K,  99% used [0x00000006c4cd0000, 0x00000006c554fdf0, 0x00000006c5550000)
  to   space 8704K,   0% used [0x00000006c4450000, 0x00000006c4450000, 0x00000006c4cd0000)
 concurrent mark-sweep generation total 612216K, used 611482K [0x00000006f4000000, 0x00000007195de000, 0x00000007c0000000)
 Metaspace       used 2729K, capacity 4486K, committed 4864K, reserved 1056768K
  class space    used 297K, capacity 386K, committed 512K, reserved 1048576K
}
{Heap before GC invocations=27 (full 1):
 par new generation   total 78656K, used 78655K [0x00000006c0000000, 0x00000006c5550000, 0x00000006f4000000)
  eden space 69952K, 100% used [0x00000006c0000000, 0x00000006c4450000, 0x00000006c4450000)
  from space 8704K,  99% used [0x00000006c4cd0000, 0x00000006c554fdf0, 0x00000006c5550000)
  to   space 8704K,   0% used [0x00000006c4450000, 0x00000006c4450000, 0x00000006c4cd0000)
 concurrent mark-sweep generation total 612216K, used 611482K [0x00000006f4000000, 0x00000007195de000, 0x00000007c0000000)
 Metaspace       used 2729K, capacity 4486K, committed 4864K, reserved 1056768K
  class space    used 297K, capacity 386K, committed 512K, reserved 1048576K
2020-10-29T22:23:53.332-0800: [GC (Allocation Failure) 2020-10-29T22:23:53.332-0800: [ParNew: 78655K->8697K(78656K), 0.0160524 secs] 690137K->643614K(714332K), 0.0160824 secs] [Times: user=0.14 sys=0.01, real=0.01 secs]
Heap after GC invocations=28 (full 1):
 par new generation   total 78656K, used 8697K [0x00000006c0000000, 0x00000006c5550000, 0x00000006f4000000)
  eden space 69952K,   0% used [0x00000006c0000000, 0x00000006c0000000, 0x00000006c4450000)
  from space 8704K,  99% used [0x00000006c4450000, 0x00000006c4cce4c0, 0x00000006c4cd0000)
  to   space 8704K,   0% used [0x00000006c4cd0000, 0x00000006c4cd0000, 0x00000006c5550000)
 concurrent mark-sweep generation total 635676K, used 634916K [0x00000006f4000000, 0x000000071acc7000, 0x00000007c0000000)
 Metaspace       used 2729K, capacity 4486K, committed 4864K, reserved 1056768K
  class space    used 297K, capacity 386K, committed 512K, reserved 1048576K
}
{Heap before GC invocations=28 (full 1):
 par new generation   total 78656K, used 78649K [0x00000006c0000000, 0x00000006c5550000, 0x00000006f4000000)
  eden space 69952K, 100% used [0x00000006c0000000, 0x00000006c4450000, 0x00000006c4450000)
  from space 8704K,  99% used [0x00000006c4450000, 0x00000006c4cce4c0, 0x00000006c4cd0000)
  to   space 8704K,   0% used [0x00000006c4cd0000, 0x00000006c4cd0000, 0x00000006c5550000)
 concurrent mark-sweep generation total 635676K, used 634916K [0x00000006f4000000, 0x000000071acc7000, 0x00000007c0000000)
 Metaspace       used 2729K, capacity 4486K, committed 4864K, reserved 1056768K
  class space    used 297K, capacity 386K, committed 512K, reserved 1048576K
2020-10-29T22:23:53.358-0800: [GC (Allocation Failure) 2020-10-29T22:23:53.358-0800: [ParNew: 78649K->8701K(78656K), 0.0138016 secs] 713566K->665156K(735884K), 0.0138290 secs] [Times: user=0.12 sys=0.00, real=0.02 secs]
Heap after GC invocations=29 (full 1):
 par new generation   total 78656K, used 8701K [0x00000006c0000000, 0x00000006c5550000, 0x00000006f4000000)
  eden space 69952K,   0% used [0x00000006c0000000, 0x00000006c0000000, 0x00000006c4450000)
  from space 8704K,  99% used [0x00000006c4cd0000, 0x00000006c554f5b0, 0x00000006c5550000)
  to   space 8704K,   0% used [0x00000006c4450000, 0x00000006c4450000, 0x00000006c4cd0000)
 concurrent mark-sweep generation total 657228K, used 656454K [0x00000006f4000000, 0x000000071c1d3000, 0x00000007c0000000)
 Metaspace       used 2729K, capacity 4486K, committed 4864K, reserved 1056768K
  class space    used 297K, capacity 386K, committed 512K, reserved 1048576K
}
{Heap before GC invocations=29 (full 1):
 par new generation   total 78656K, used 78632K [0x00000006c0000000, 0x00000006c5550000, 0x00000006f4000000)
  eden space 69952K,  99% used [0x00000006c0000000, 0x00000006c444ab68, 0x00000006c4450000)
  from space 8704K,  99% used [0x00000006c4cd0000, 0x00000006c554f5b0, 0x00000006c5550000)
  to   space 8704K,   0% used [0x00000006c4450000, 0x00000006c4450000, 0x00000006c4cd0000)
 concurrent mark-sweep generation total 657228K, used 656454K [0x00000006f4000000, 0x000000071c1d3000, 0x00000007c0000000)
 Metaspace       used 2729K, capacity 4486K, committed 4864K, reserved 1056768K
  class space    used 297K, capacity 386K, committed 512K, reserved 1048576K
2020-10-29T22:23:53.385-0800: [GC (Allocation Failure) 2020-10-29T22:23:53.385-0800: [ParNew: 78632K->8699K(78656K), 0.0149708 secs] 735087K->689321K(760168K), 0.0150015 secs] [Times: user=0.14 sys=0.01, real=0.02 secs]
Heap after GC invocations=30 (full 1):
 par new generation   total 78656K, used 8699K [0x00000006c0000000, 0x00000006c5550000, 0x00000006f4000000)
  eden space 69952K,   0% used [0x00000006c0000000, 0x00000006c0000000, 0x00000006c4450000)
  from space 8704K,  99% used [0x00000006c4450000, 0x00000006c4ccec28, 0x00000006c4cd0000)
  to   space 8704K,   0% used [0x00000006c4cd0000, 0x00000006c4cd0000, 0x00000006c5550000)
 concurrent mark-sweep generation total 681512K, used 680622K [0x00000006f4000000, 0x000000071d98a000, 0x00000007c0000000)
 Metaspace       used 2729K, capacity 4486K, committed 4864K, reserved 1056768K
  class space    used 297K, capacity 386K, committed 512K, reserved 1048576K
}
{Heap before GC invocations=30 (full 1):
 par new generation   total 78656K, used 78651K [0x00000006c0000000, 0x00000006c5550000, 0x00000006f4000000)
  eden space 69952K, 100% used [0x00000006c0000000, 0x00000006c4450000, 0x00000006c4450000)
  from space 8704K,  99% used [0x00000006c4450000, 0x00000006c4ccec28, 0x00000006c4cd0000)
  to   space 8704K,   0% used [0x00000006c4cd0000, 0x00000006c4cd0000, 0x00000006c5550000)
 concurrent mark-sweep generation total 681512K, used 680622K [0x00000006f4000000, 0x000000071d98a000, 0x00000007c0000000)
 Metaspace       used 2729K, capacity 4486K, committed 4864K, reserved 1056768K
  class space    used 297K, capacity 386K, committed 512K, reserved 1048576K
2020-10-29T22:23:53.409-0800: [GC (Allocation Failure) 2020-10-29T22:23:53.409-0800: [ParNew: 78651K->8697K(78656K), 0.0145541 secs] 759273K->711101K(781888K), 0.0145805 secs] [Times: user=0.13 sys=0.01, real=0.02 secs]
Heap after GC invocations=31 (full 1):
 par new generation   total 78656K, used 8697K [0x00000006c0000000, 0x00000006c5550000, 0x00000006f4000000)
  eden space 69952K,   0% used [0x00000006c0000000, 0x00000006c0000000, 0x00000006c4450000)
  from space 8704K,  99% used [0x00000006c4cd0000, 0x00000006c554e658, 0x00000006c5550000)
  to   space 8704K,   0% used [0x00000006c4450000, 0x00000006c4450000, 0x00000006c4cd0000)
 concurrent mark-sweep generation total 703232K, used 702403K [0x00000006f4000000, 0x000000071eec0000, 0x00000007c0000000)
 Metaspace       used 2729K, capacity 4486K, committed 4864K, reserved 1056768K
  class space    used 297K, capacity 386K, committed 512K, reserved 1048576K
}
{Heap before GC invocations=31 (full 1):
 par new generation   total 78656K, used 78649K [0x00000006c0000000, 0x00000006c5550000, 0x00000006f4000000)
  eden space 69952K, 100% used [0x00000006c0000000, 0x00000006c4450000, 0x00000006c4450000)
  from space 8704K,  99% used [0x00000006c4cd0000, 0x00000006c554e658, 0x00000006c5550000)
  to   space 8704K,   0% used [0x00000006c4450000, 0x00000006c4450000, 0x00000006c4cd0000)
 concurrent mark-sweep generation total 703232K, used 702403K [0x00000006f4000000, 0x000000071eec0000, 0x00000007c0000000)
 Metaspace       used 2729K, capacity 4486K, committed 4864K, reserved 1056768K
  class space    used 297K, capacity 386K, committed 512K, reserved 1048576K
2020-10-29T22:23:53.431-0800: [GC (Allocation Failure) 2020-10-29T22:23:53.431-0800: [ParNew: 78649K->8703K(78656K), 0.0228709 secs] 781053K->734682K(805464K), 0.0229030 secs] [Times: user=0.19 sys=0.01, real=0.02 secs]
Heap after GC invocations=32 (full 1):
 par new generation   total 78656K, used 8703K [0x00000006c0000000, 0x00000006c5550000, 0x00000006f4000000)
  eden space 69952K,   0% used [0x00000006c0000000, 0x00000006c0000000, 0x00000006c4450000)
  from space 8704K,  99% used [0x00000006c4450000, 0x00000006c4ccfe58, 0x00000006c4cd0000)
  to   space 8704K,   0% used [0x00000006c4cd0000, 0x00000006c4cd0000, 0x00000006c5550000)
 concurrent mark-sweep generation total 726808K, used 725978K [0x00000006f4000000, 0x00000007205c6000, 0x00000007c0000000)
 Metaspace       used 2729K, capacity 4486K, committed 4864K, reserved 1056768K
  class space    used 297K, capacity 386K, committed 512K, reserved 1048576K
}
{Heap before GC invocations=32 (full 1):
 par new generation   total 78656K, used 78655K [0x00000006c0000000, 0x00000006c5550000, 0x00000006f4000000)
  eden space 69952K, 100% used [0x00000006c0000000, 0x00000006c4450000, 0x00000006c4450000)
  from space 8704K,  99% used [0x00000006c4450000, 0x00000006c4ccfe58, 0x00000006c4cd0000)
  to   space 8704K,   0% used [0x00000006c4cd0000, 0x00000006c4cd0000, 0x00000006c5550000)
 concurrent mark-sweep generation total 726808K, used 725978K [0x00000006f4000000, 0x00000007205c6000, 0x00000007c0000000)
 Metaspace       used 2729K, capacity 4486K, committed 4864K, reserved 1056768K
  class space    used 297K, capacity 386K, committed 512K, reserved 1048576K
2020-10-29T22:23:53.466-0800: [GC (Allocation Failure) 2020-10-29T22:23:53.466-0800: [ParNew: 78655K->8702K(78656K), 0.0192326 secs] 804634K->757637K(828376K), 0.0192655 secs] [Times: user=0.17 sys=0.01, real=0.02 secs]
Heap after GC invocations=33 (full 1):
 par new generation   total 78656K, used 8702K [0x00000006c0000000, 0x00000006c5550000, 0x00000006f4000000)
  eden space 69952K,   0% used [0x00000006c0000000, 0x00000006c0000000, 0x00000006c4450000)
  from space 8704K,  99% used [0x00000006c4cd0000, 0x00000006c554f880, 0x00000006c5550000)
  to   space 8704K,   0% used [0x00000006c4450000, 0x00000006c4450000, 0x00000006c4cd0000)
 concurrent mark-sweep generation total 749720K, used 748935K [0x00000006f4000000, 0x0000000721c26000, 0x00000007c0000000)
 Metaspace       used 2729K, capacity 4486K, committed 4864K, reserved 1056768K
  class space    used 297K, capacity 386K, committed 512K, reserved 1048576K
}
{Heap before GC invocations=33 (full 1):
 par new generation   total 78656K, used 78654K [0x00000006c0000000, 0x00000006c5550000, 0x00000006f4000000)
  eden space 69952K, 100% used [0x00000006c0000000, 0x00000006c4450000, 0x00000006c4450000)
  from space 8704K,  99% used [0x00000006c4cd0000, 0x00000006c554f880, 0x00000006c5550000)
  to   space 8704K,   0% used [0x00000006c4450000, 0x00000006c4450000, 0x00000006c4cd0000)
 concurrent mark-sweep generation total 749720K, used 748935K [0x00000006f4000000, 0x0000000721c26000, 0x00000007c0000000)
 Metaspace       used 2729K, capacity 4486K, committed 4864K, reserved 1056768K
  class space    used 297K, capacity 386K, committed 512K, reserved 1048576K
2020-10-29T22:23:53.497-0800: [GC (Allocation Failure) 2020-10-29T22:23:53.497-0800: [ParNew: 78654K->8701K(78656K), 0.0163930 secs] 827589K->779475K(850356K), 0.0164221 secs] [Times: user=0.14 sys=0.01, real=0.02 secs]
Heap after GC invocations=34 (full 1):
 par new generation   total 78656K, used 8701K [0x00000006c0000000, 0x00000006c5550000, 0x00000006f4000000)
  eden space 69952K,   0% used [0x00000006c0000000, 0x00000006c0000000, 0x00000006c4450000)
  from space 8704K,  99% used [0x00000006c4450000, 0x00000006c4ccf538, 0x00000006c4cd0000)
  to   space 8704K,   0% used [0x00000006c4cd0000, 0x00000006c4cd0000, 0x00000006c5550000)
 concurrent mark-sweep generation total 771700K, used 770774K [0x00000006f4000000, 0x000000072319d000, 0x00000007c0000000)
 Metaspace       used 2729K, capacity 4486K, committed 4864K, reserved 1056768K
  class space    used 297K, capacity 386K, committed 512K, reserved 1048576K
}
{Heap before GC invocations=34 (full 1):
 par new generation   total 78656K, used 78614K [0x00000006c0000000, 0x00000006c5550000, 0x00000006f4000000)
  eden space 69952K,  99% used [0x00000006c0000000, 0x00000006c4446320, 0x00000006c4450000)
  from space 8704K,  99% used [0x00000006c4450000, 0x00000006c4ccf538, 0x00000006c4cd0000)
  to   space 8704K,   0% used [0x00000006c4cd0000, 0x00000006c4cd0000, 0x00000006c5550000)
 concurrent mark-sweep generation total 771700K, used 770774K [0x00000006f4000000, 0x000000072319d000, 0x00000007c0000000)
 Metaspace       used 2729K, capacity 4486K, committed 4864K, reserved 1056768K
  class space    used 297K, capacity 386K, committed 512K, reserved 1048576K
2020-10-29T22:23:53.527-0800: [GC (Allocation Failure) 2020-10-29T22:23:53.527-0800: [ParNew: 78614K->8703K(78656K), 0.0163082 secs] 849388K->803102K(874076K), 0.0163362 secs] [Times: user=0.15 sys=0.01, real=0.02 secs]
Heap after GC invocations=35 (full 1):
 par new generation   total 78656K, used 8703K [0x00000006c0000000, 0x00000006c5550000, 0x00000006f4000000)
  eden space 69952K,   0% used [0x00000006c0000000, 0x00000006c0000000, 0x00000006c4450000)
  from space 8704K,  99% used [0x00000006c4cd0000, 0x00000006c554fee0, 0x00000006c5550000)
  to   space 8704K,   0% used [0x00000006c4450000, 0x00000006c4450000, 0x00000006c4cd0000)
 concurrent mark-sweep generation total 795420K, used 794399K [0x00000006f4000000, 0x00000007248c7000, 0x00000007c0000000)
 Metaspace       used 2729K, capacity 4486K, committed 4864K, reserved 1056768K
  class space    used 297K, capacity 386K, committed 512K, reserved 1048576K
}
{Heap before GC invocations=35 (full 1):
 par new generation   total 78656K, used 78655K [0x00000006c0000000, 0x00000006c5550000, 0x00000006f4000000)
  eden space 69952K, 100% used [0x00000006c0000000, 0x00000006c4450000, 0x00000006c4450000)
  from space 8704K,  99% used [0x00000006c4cd0000, 0x00000006c554fee0, 0x00000006c5550000)
  to   space 8704K,   0% used [0x00000006c4450000, 0x00000006c4450000, 0x00000006c4cd0000)
 concurrent mark-sweep generation total 795420K, used 794399K [0x00000006f4000000, 0x00000007248c7000, 0x00000007c0000000)
 Metaspace       used 2729K, capacity 4486K, committed 4864K, reserved 1056768K
  class space    used 297K, capacity 386K, committed 512K, reserved 1048576K
2020-10-29T22:23:53.557-0800: [GC (Allocation Failure) 2020-10-29T22:23:53.557-0800: [ParNew: 78655K->8702K(78656K), 0.0202564 secs] 873054K->827888K(898804K), 0.0202895 secs] [Times: user=0.18 sys=0.01, real=0.02 secs]
Heap after GC invocations=36 (full 1):
 par new generation   total 78656K, used 8702K [0x00000006c0000000, 0x00000006c5550000, 0x00000006f4000000)
  eden space 69952K,   0% used [0x00000006c0000000, 0x00000006c0000000, 0x00000006c4450000)
  from space 8704K,  99% used [0x00000006c4450000, 0x00000006c4ccfb98, 0x00000006c4cd0000)
  to   space 8704K,   0% used [0x00000006c4cd0000, 0x00000006c4cd0000, 0x00000006c5550000)
 concurrent mark-sweep generation total 820148K, used 819185K [0x00000006f4000000, 0x00000007260ed000, 0x00000007c0000000)
 Metaspace       used 2729K, capacity 4486K, committed 4864K, reserved 1056768K
  class space    used 297K, capacity 386K, committed 512K, reserved 1048576K
}
{Heap before GC invocations=36 (full 1):
 par new generation   total 78656K, used 78654K [0x00000006c0000000, 0x00000006c5550000, 0x00000006f4000000)
  eden space 69952K, 100% used [0x00000006c0000000, 0x00000006c4450000, 0x00000006c4450000)
  from space 8704K,  99% used [0x00000006c4450000, 0x00000006c4ccfb98, 0x00000006c4cd0000)
  to   space 8704K,   0% used [0x00000006c4cd0000, 0x00000006c4cd0000, 0x00000006c5550000)
 concurrent mark-sweep generation total 820148K, used 819185K [0x00000006f4000000, 0x00000007260ed000, 0x00000007c0000000)
 Metaspace       used 2729K, capacity 4486K, committed 4864K, reserved 1056768K
  class space    used 297K, capacity 386K, committed 512K, reserved 1048576K
2020-10-29T22:23:53.591-0800: [GC (Allocation Failure) 2020-10-29T22:23:53.591-0800: [ParNew: 78654K->8688K(78656K), 0.0164306 secs] 897840K->849007K(919908K), 0.0164597 secs] [Times: user=0.15 sys=0.01, real=0.01 secs]
Heap after GC invocations=37 (full 1):
 par new generation   total 78656K, used 8688K [0x00000006c0000000, 0x00000006c5550000, 0x00000006f4000000)
  eden space 69952K,   0% used [0x00000006c0000000, 0x00000006c0000000, 0x00000006c4450000)
  from space 8704K,  99% used [0x00000006c4cd0000, 0x00000006c554c1b0, 0x00000006c5550000)
  to   space 8704K,   0% used [0x00000006c4450000, 0x00000006c4450000, 0x00000006c4cd0000)
 concurrent mark-sweep generation total 841252K, used 840319K [0x00000006f4000000, 0x0000000727589000, 0x00000007c0000000)
 Metaspace       used 2729K, capacity 4486K, committed 4864K, reserved 1056768K
  class space    used 297K, capacity 386K, committed 512K, reserved 1048576K
}
执行结束!共生成对象次数:9753
Heap
 par new generation   total 78656K, used 33646K [0x00000006c0000000, 0x00000006c5550000, 0x00000006f4000000)
  eden space 69952K,  35% used [0x00000006c0000000, 0x00000006c185f760, 0x00000006c4450000)
  from space 8704K,  99% used [0x00000006c4cd0000, 0x00000006c554c1b0, 0x00000006c5550000)
  to   space 8704K,   0% used [0x00000006c4450000, 0x00000006c4450000, 0x00000006c4cd0000)
 concurrent mark-sweep generation total 841252K, used 840319K [0x00000006f4000000, 0x0000000727589000, 0x00000007c0000000)
 Metaspace       used 2736K, capacity 4486K, committed 4864K, reserved 1056768K
  class space    used 298K, capacity 386K, committed 512K, reserved 1048576K
```
1. CMS GC 两个代分别叫`par new generation`该区域使用 ParNewGC 和`concurrent mark-sweep generation` 该区使用CMS回收法，并发标记扫描法
2. full GC时能有时 7 步
    1. CMS Initial Mark (STW)
    2. CMS-concurrent-mark
    3. CMS-concurrent-preclean
    4. CMS-concurrent-abortable-preclean
    5. CMS Final Remark (STW)
    6. CMS-concurrent-sweep
    7. CMS-concurrent-reset
3. full GC时能有时 4 步
    1. CMS Initial Mark (STW)
    2. CMS-concurrent-mark
    3. CMS-concurrent-preclean
    4. CMS-concurrent-abortable-preclean
4. CMS-concurrent-abortable-preclean 可能不占用任何cpu时间

### G1GC
```shell script
➜  03-GC日志分析 java -XX:+PrintGC -XX:+PrintGCDateStamps  -XX:+UseG1GC -Xmx512m -Xms512m  GCLogAnalysis
正在执行...
2020-10-29T23:03:40.979-0800: [GC pause (G1 Evacuation Pause) (young) 28M->9417K(512M), 0.0037442 secs]
2020-10-29T23:03:40.992-0800: [GC pause (G1 Evacuation Pause) (young) 37M->17M(512M), 0.0038242 secs]
2020-10-29T23:03:41.024-0800: [GC pause (G1 Evacuation Pause) (young) 86M->45M(512M), 0.0102728 secs]
2020-10-29T23:03:41.066-0800: [GC pause (G1 Evacuation Pause) (young) 136M->77M(512M), 0.0131745 secs]
2020-10-29T23:03:41.104-0800: [GC pause (G1 Evacuation Pause) (young) 164M->103M(512M), 0.0097644 secs]
2020-10-29T23:03:41.147-0800: [GC pause (G1 Evacuation Pause) (young) 223M->140M(512M), 0.0159609 secs]
2020-10-29T23:03:41.195-0800: [GC pause (G1 Evacuation Pause) (young) 280M->184M(512M), 0.0162416 secs]
2020-10-29T23:03:41.241-0800: [GC pause (G1 Humongous Allocation) (young) (initial-mark) 316M->222M(512M), 0.0143128 secs]
2020-10-29T23:03:41.255-0800: [GC concurrent-root-region-scan-start]
2020-10-29T23:03:41.255-0800: [GC concurrent-root-region-scan-end, 0.0004416 secs]
2020-10-29T23:03:41.255-0800: [GC concurrent-mark-start]
2020-10-29T23:03:41.258-0800: [GC concurrent-mark-end, 0.0021727 secs]
2020-10-29T23:03:41.258-0800: [GC remark, 0.0011713 secs]
2020-10-29T23:03:41.259-0800: [GC cleanup 232M->232M(512M), 0.0007979 secs]
2020-10-29T23:03:41.313-0800: [GC pause (G1 Evacuation Pause) (young)-- 409M->309M(512M), 0.0229202 secs]
2020-10-29T23:03:41.336-0800: [GC pause (G1 Evacuation Pause) (mixed) 314M->291M(512M), 0.0044602 secs]
2020-10-29T23:03:41.342-0800: [GC pause (G1 Humongous Allocation) (young) (initial-mark) 294M->292M(512M), 0.0011426 secs]
2020-10-29T23:03:41.343-0800: [GC concurrent-root-region-scan-start]
2020-10-29T23:03:41.343-0800: [GC concurrent-root-region-scan-end, 0.0000615 secs]
2020-10-29T23:03:41.343-0800: [GC concurrent-mark-start]
2020-10-29T23:03:41.344-0800: [GC concurrent-mark-end, 0.0006842 secs]
2020-10-29T23:03:41.344-0800: [GC remark, 0.0011946 secs]
2020-10-29T23:03:41.345-0800: [GC cleanup 298M->298M(512M), 0.0006178 secs]
2020-10-29T23:03:41.369-0800: [GC pause (G1 Evacuation Pause) (young)-- 425M->336M(512M), 0.0041244 secs]
2020-10-29T23:03:41.375-0800: [GC pause (G1 Evacuation Pause) (mixed) 351M->298M(512M), 0.0042382 secs]
2020-10-29T23:03:41.383-0800: [GC pause (G1 Evacuation Pause) (mixed) 327M->289M(512M), 0.0037855 secs]
2020-10-29T23:03:41.388-0800: [GC pause (G1 Humongous Allocation) (young) (initial-mark) 294M->290M(512M), 0.0020532 secs]
2020-10-29T23:03:41.390-0800: [GC concurrent-root-region-scan-start]
2020-10-29T23:03:41.390-0800: [GC concurrent-root-region-scan-end, 0.0001356 secs]
2020-10-29T23:03:41.390-0800: [GC concurrent-mark-start]
2020-10-29T23:03:41.391-0800: [GC concurrent-mark-end, 0.0009689 secs]
2020-10-29T23:03:41.391-0800: [GC remark, 0.0011591 secs]
2020-10-29T23:03:41.392-0800: [GC cleanup 299M->299M(512M), 0.0007154 secs]
2020-10-29T23:03:41.413-0800: [GC pause (G1 Evacuation Pause) (young) 408M->325M(512M), 0.0058960 secs]
2020-10-29T23:03:41.422-0800: [GC pause (G1 Evacuation Pause) (mixed) 339M->297M(512M), 0.0089656 secs]
2020-10-29T23:03:41.435-0800: [GC pause (G1 Evacuation Pause) (mixed) 319M->303M(512M), 0.0031726 secs]
2020-10-29T23:03:41.438-0800: [GC pause (G1 Humongous Allocation) (young) (initial-mark) 304M->303M(512M), 0.0014123 secs]
2020-10-29T23:03:41.440-0800: [GC concurrent-root-region-scan-start]
2020-10-29T23:03:41.440-0800: [GC concurrent-root-region-scan-end, 0.0000992 secs]
2020-10-29T23:03:41.440-0800: [GC concurrent-mark-start]
2020-10-29T23:03:41.441-0800: [GC concurrent-mark-end, 0.0009304 secs]
2020-10-29T23:03:41.441-0800: [GC remark, 0.0013751 secs]
2020-10-29T23:03:41.442-0800: [GC cleanup 309M->309M(512M), 0.0007134 secs]
2020-10-29T23:03:41.461-0800: [GC pause (G1 Evacuation Pause) (young) 411M->336M(512M), 0.0056982 secs]
2020-10-29T23:03:41.470-0800: [GC pause (G1 Evacuation Pause) (mixed) 354M->315M(512M), 0.0052789 secs]
2020-10-29T23:03:41.476-0800: [GC pause (G1 Humongous Allocation) (young) (initial-mark) 319M->317M(512M), 0.0015752 secs]
2020-10-29T23:03:41.478-0800: [GC concurrent-root-region-scan-start]
2020-10-29T23:03:41.478-0800: [GC concurrent-root-region-scan-end, 0.0001082 secs]
2020-10-29T23:03:41.478-0800: [GC concurrent-mark-start]
2020-10-29T23:03:41.479-0800: [GC concurrent-mark-end, 0.0009136 secs]
2020-10-29T23:03:41.479-0800: [GC remark, 0.0012496 secs]
2020-10-29T23:03:41.480-0800: [GC cleanup 324M->324M(512M), 0.0006206 secs]
2020-10-29T23:03:41.496-0800: [GC pause (G1 Evacuation Pause) (young) 408M->341M(512M), 0.0051598 secs]
2020-10-29T23:03:41.504-0800: [GC pause (G1 Evacuation Pause) (mixed) 360M->322M(512M), 0.0049563 secs]
2020-10-29T23:03:41.511-0800: [GC pause (G1 Humongous Allocation) (young) (initial-mark) 330M->324M(512M), 0.0024027 secs]
2020-10-29T23:03:41.513-0800: [GC concurrent-root-region-scan-start]
2020-10-29T23:03:41.513-0800: [GC concurrent-root-region-scan-end, 0.0001253 secs]
2020-10-29T23:03:41.513-0800: [GC concurrent-mark-start]
2020-10-29T23:03:41.514-0800: [GC concurrent-mark-end, 0.0009696 secs]
2020-10-29T23:03:41.514-0800: [GC remark, 0.0013394 secs]
2020-10-29T23:03:41.516-0800: [GC cleanup 332M->332M(512M), 0.0007672 secs]
2020-10-29T23:03:41.530-0800: [GC pause (G1 Evacuation Pause) (young) 400M->346M(512M), 0.0056231 secs]
2020-10-29T23:03:41.538-0800: [GC pause (G1 Evacuation Pause) (mixed) 366M->334M(512M), 0.0044376 secs]
2020-10-29T23:03:41.543-0800: [GC pause (G1 Humongous Allocation) (young) (initial-mark) 334M->334M(512M), 0.0020356 secs]
2020-10-29T23:03:41.545-0800: [GC concurrent-root-region-scan-start]
2020-10-29T23:03:41.545-0800: [GC concurrent-root-region-scan-end, 0.0001447 secs]
2020-10-29T23:03:41.545-0800: [GC concurrent-mark-start]
2020-10-29T23:03:41.546-0800: [GC concurrent-mark-end, 0.0009685 secs]
2020-10-29T23:03:41.546-0800: [GC remark, 0.0012319 secs]
2020-10-29T23:03:41.547-0800: [GC cleanup 340M->339M(512M), 0.0006585 secs]
2020-10-29T23:03:41.548-0800: [GC concurrent-cleanup-start]
2020-10-29T23:03:41.548-0800: [GC concurrent-cleanup-end, 0.0000195 secs]
2020-10-29T23:03:41.560-0800: [GC pause (G1 Evacuation Pause) (young) 407M->354M(512M), 0.0043067 secs]
2020-10-29T23:03:41.567-0800: [GC pause (G1 Evacuation Pause) (mixed) 372M->338M(512M), 0.0047912 secs]
2020-10-29T23:03:41.572-0800: [GC pause (G1 Humongous Allocation) (young) (initial-mark) 339M->338M(512M), 0.0013974 secs]
2020-10-29T23:03:41.573-0800: [GC concurrent-root-region-scan-start]
2020-10-29T23:03:41.574-0800: [GC concurrent-root-region-scan-end, 0.0000901 secs]
2020-10-29T23:03:41.574-0800: [GC concurrent-mark-start]
2020-10-29T23:03:41.575-0800: [GC concurrent-mark-end, 0.0009593 secs]
2020-10-29T23:03:41.575-0800: [GC remark, 0.0014147 secs]
2020-10-29T23:03:41.576-0800: [GC cleanup 344M->344M(512M), 0.0006784 secs]
2020-10-29T23:03:41.587-0800: [GC pause (G1 Evacuation Pause) (young) 411M->364M(512M), 0.0070039 secs]
2020-10-29T23:03:41.598-0800: [GC pause (G1 Evacuation Pause) (mixed) 383M->350M(512M), 0.0062914 secs]
2020-10-29T23:03:41.605-0800: [GC pause (G1 Humongous Allocation) (young) (initial-mark) 354M->350M(512M), 0.0012903 secs]
2020-10-29T23:03:41.607-0800: [GC concurrent-root-region-scan-start]
2020-10-29T23:03:41.607-0800: [GC concurrent-root-region-scan-end, 0.0001045 secs]
2020-10-29T23:03:41.607-0800: [GC concurrent-mark-start]
2020-10-29T23:03:41.608-0800: [GC concurrent-mark-end, 0.0013994 secs]
2020-10-29T23:03:41.608-0800: [GC remark, 0.0013808 secs]
2020-10-29T23:03:41.610-0800: [GC cleanup 357M->357M(512M), 0.0007218 secs]
2020-10-29T23:03:41.610-0800: [GC concurrent-cleanup-start]
2020-10-29T23:03:41.610-0800: [GC concurrent-cleanup-end, 0.0000161 secs]
2020-10-29T23:03:41.620-0800: [GC pause (G1 Evacuation Pause) (young) 410M->367M(512M), 0.0066465 secs]
2020-10-29T23:03:41.632-0800: [GC pause (G1 Evacuation Pause) (mixed) 392M->353M(512M), 0.0064079 secs]
2020-10-29T23:03:41.640-0800: [GC pause (G1 Humongous Allocation) (young) (initial-mark) 360M->354M(512M), 0.0026516 secs]
2020-10-29T23:03:41.643-0800: [GC concurrent-root-region-scan-start]
2020-10-29T23:03:41.643-0800: [GC concurrent-root-region-scan-end, 0.0001903 secs]
2020-10-29T23:03:41.643-0800: [GC concurrent-mark-start]
2020-10-29T23:03:41.646-0800: [GC concurrent-mark-end, 0.0024597 secs]
2020-10-29T23:03:41.646-0800: [GC remark, 0.0023909 secs]
2020-10-29T23:03:41.649-0800: [GC cleanup 367M->367M(512M), 0.0007856 secs]
2020-10-29T23:03:41.662-0800: [GC pause (G1 Evacuation Pause) (young) 407M->366M(512M), 0.0043721 secs]
2020-10-29T23:03:41.672-0800: [GC pause (G1 Evacuation Pause) (mixed) 391M->354M(512M), 0.0044351 secs]
2020-10-29T23:03:41.679-0800: [GC pause (G1 Humongous Allocation) (young) (initial-mark) 367M->356M(512M), 0.0017862 secs]
2020-10-29T23:03:41.680-0800: [GC concurrent-root-region-scan-start]
2020-10-29T23:03:41.681-0800: [GC concurrent-root-region-scan-end, 0.0002088 secs]
2020-10-29T23:03:41.681-0800: [GC concurrent-mark-start]
2020-10-29T23:03:41.682-0800: [GC concurrent-mark-end, 0.0015763 secs]
2020-10-29T23:03:41.682-0800: [GC remark, 0.0012862 secs]
2020-10-29T23:03:41.684-0800: [GC cleanup 364M->364M(512M), 0.0008030 secs]
2020-10-29T23:03:41.695-0800: [GC pause (G1 Evacuation Pause) (young) 407M->367M(512M), 0.0048481 secs]
2020-10-29T23:03:41.704-0800: [GC pause (G1 Evacuation Pause) (mixed) 392M->357M(512M), 0.0046173 secs]
2020-10-29T23:03:41.709-0800: [GC pause (G1 Humongous Allocation) (young) (initial-mark) 358M->357M(512M), 0.0013477 secs]
2020-10-29T23:03:41.711-0800: [GC concurrent-root-region-scan-start]
2020-10-29T23:03:41.711-0800: [GC concurrent-root-region-scan-end, 0.0000706 secs]
2020-10-29T23:03:41.711-0800: [GC concurrent-mark-start]
2020-10-29T23:03:41.712-0800: [GC concurrent-mark-end, 0.0011626 secs]
2020-10-29T23:03:41.712-0800: [GC remark, 0.0012535 secs]
2020-10-29T23:03:41.713-0800: [GC cleanup 365M->365M(512M), 0.0009024 secs]
2020-10-29T23:03:41.722-0800: [GC pause (G1 Evacuation Pause) (young) 399M->368M(512M), 0.0046741 secs]
2020-10-29T23:03:41.734-0800: [GC pause (G1 Evacuation Pause) (mixed) 395M->360M(512M), 0.0054871 secs]
2020-10-29T23:03:41.741-0800: [GC pause (G1 Humongous Allocation) (young) (initial-mark) 366M->360M(512M), 0.0016111 secs]
2020-10-29T23:03:41.742-0800: [GC concurrent-root-region-scan-start]
2020-10-29T23:03:41.742-0800: [GC concurrent-root-region-scan-end, 0.0001267 secs]
2020-10-29T23:03:41.743-0800: [GC concurrent-mark-start]
2020-10-29T23:03:41.744-0800: [GC concurrent-mark-end, 0.0012340 secs]
2020-10-29T23:03:41.744-0800: [GC remark, 0.0013033 secs]
2020-10-29T23:03:41.745-0800: [GC cleanup 368M->368M(512M), 0.0007610 secs]
2020-10-29T23:03:41.753-0800: [GC pause (G1 Evacuation Pause) (young) 404M->372M(512M), 0.0051623 secs]
2020-10-29T23:03:41.764-0800: [GC pause (G1 Evacuation Pause) (mixed) 397M->362M(512M), 0.0068902 secs]
2020-10-29T23:03:41.771-0800: [GC pause (G1 Humongous Allocation) (young) (initial-mark) 365M->363M(512M), 0.0016482 secs]
2020-10-29T23:03:41.773-0800: [GC concurrent-root-region-scan-start]
2020-10-29T23:03:41.773-0800: [GC concurrent-root-region-scan-end, 0.0000586 secs]
2020-10-29T23:03:41.773-0800: [GC concurrent-mark-start]
2020-10-29T23:03:41.774-0800: [GC concurrent-mark-end, 0.0010927 secs]
2020-10-29T23:03:41.774-0800: [GC remark, 0.0013177 secs]
2020-10-29T23:03:41.776-0800: [GC cleanup 370M->369M(512M), 0.0006698 secs]
2020-10-29T23:03:41.776-0800: [GC concurrent-cleanup-start]
2020-10-29T23:03:41.776-0800: [GC concurrent-cleanup-end, 0.0000111 secs]
2020-10-29T23:03:41.781-0800: [GC pause (G1 Evacuation Pause) (young) 400M->373M(512M), 0.0024760 secs]
2020-10-29T23:03:41.788-0800: [GC pause (G1 Evacuation Pause) (mixed) 398M->363M(512M), 0.0078716 secs]
2020-10-29T23:03:41.796-0800: [GC pause (G1 Humongous Allocation) (young) (initial-mark) 366M->363M(512M), 0.0017469 secs]
2020-10-29T23:03:41.798-0800: [GC concurrent-root-region-scan-start]
2020-10-29T23:03:41.798-0800: [GC concurrent-root-region-scan-end, 0.0000867 secs]
2020-10-29T23:03:41.798-0800: [GC concurrent-mark-start]
2020-10-29T23:03:41.800-0800: [GC concurrent-mark-end, 0.0015310 secs]
2020-10-29T23:03:41.800-0800: [GC remark, 0.0014023 secs]
2020-10-29T23:03:41.802-0800: [GC cleanup 371M->370M(512M), 0.0007773 secs]
2020-10-29T23:03:41.802-0800: [GC concurrent-cleanup-start]
2020-10-29T23:03:41.802-0800: [GC concurrent-cleanup-end, 0.0000156 secs]
2020-10-29T23:03:41.807-0800: [GC pause (G1 Evacuation Pause) (young) 402M->375M(512M), 0.0025539 secs]
2020-10-29T23:03:41.813-0800: [GC pause (G1 Evacuation Pause) (mixed) 402M->370M(512M), 0.0045604 secs]
2020-10-29T23:03:41.818-0800: [GC pause (G1 Humongous Allocation) (young) (initial-mark) 373M->371M(512M), 0.0014494 secs]
2020-10-29T23:03:41.820-0800: [GC concurrent-root-region-scan-start]
2020-10-29T23:03:41.820-0800: [GC concurrent-root-region-scan-end, 0.0001399 secs]
2020-10-29T23:03:41.820-0800: [GC concurrent-mark-start]
2020-10-29T23:03:41.822-0800: [GC concurrent-mark-end, 0.0016157 secs]
2020-10-29T23:03:41.822-0800: [GC remark, 0.0014353 secs]
2020-10-29T23:03:41.823-0800: [GC cleanup 379M->379M(512M), 0.0008659 secs]
2020-10-29T23:03:41.829-0800: [GC pause (G1 Evacuation Pause) (young) 403M->379M(512M), 0.0036013 secs]
2020-10-29T23:03:41.837-0800: [GC pause (G1 Evacuation Pause) (mixed) 402M->368M(512M), 0.0046928 secs]
2020-10-29T23:03:41.842-0800: [GC pause (G1 Humongous Allocation) (young) (initial-mark) 369M->368M(512M), 0.0013911 secs]
2020-10-29T23:03:41.844-0800: [GC concurrent-root-region-scan-start]
2020-10-29T23:03:41.844-0800: [GC concurrent-root-region-scan-end, 0.0000951 secs]
2020-10-29T23:03:41.844-0800: [GC concurrent-mark-start]
2020-10-29T23:03:41.845-0800: [GC concurrent-mark-end, 0.0010425 secs]
2020-10-29T23:03:41.845-0800: [GC remark, 0.0013881 secs]
2020-10-29T23:03:41.846-0800: [GC cleanup 376M->376M(512M), 0.0007481 secs]
2020-10-29T23:03:41.852-0800: [GC pause (G1 Evacuation Pause) (young) 406M->381M(512M), 0.0037273 secs]
2020-10-29T23:03:41.860-0800: [GC pause (G1 Evacuation Pause) (mixed) 405M->372M(512M), 0.0064258 secs]
2020-10-29T23:03:41.867-0800: [GC pause (G1 Humongous Allocation) (young) (initial-mark) 373M->373M(512M), 0.0019790 secs]
2020-10-29T23:03:41.869-0800: [GC concurrent-root-region-scan-start]
2020-10-29T23:03:41.869-0800: [GC concurrent-root-region-scan-end, 0.0000682 secs]
2020-10-29T23:03:41.869-0800: [GC concurrent-mark-start]
2020-10-29T23:03:41.870-0800: [GC concurrent-mark-end, 0.0011611 secs]
2020-10-29T23:03:41.870-0800: [GC remark, 0.0014137 secs]
2020-10-29T23:03:41.872-0800: [GC cleanup 380M->380M(512M), 0.0007086 secs]
2020-10-29T23:03:41.876-0800: [GC pause (G1 Evacuation Pause) (young) 404M->383M(512M), 0.0022704 secs]
2020-10-29T23:03:41.883-0800: [GC pause (G1 Evacuation Pause) (mixed) 407M->374M(512M), 0.0047054 secs]
2020-10-29T23:03:41.888-0800: [GC pause (G1 Humongous Allocation) (young) (initial-mark) 376M->375M(512M), 0.0019637 secs]
2020-10-29T23:03:41.890-0800: [GC concurrent-root-region-scan-start]
2020-10-29T23:03:41.890-0800: [GC concurrent-root-region-scan-end, 0.0001676 secs]
2020-10-29T23:03:41.890-0800: [GC concurrent-mark-start]
2020-10-29T23:03:41.891-0800: [GC concurrent-mark-end, 0.0017127 secs]
2020-10-29T23:03:41.892-0800: [GC remark, 0.0014359 secs]
2020-10-29T23:03:41.893-0800: [GC cleanup 382M->382M(512M), 0.0007850 secs]
2020-10-29T23:03:41.898-0800: [GC pause (G1 Evacuation Pause) (young) 404M->381M(512M), 0.0027552 secs]
2020-10-29T23:03:41.905-0800: [GC pause (G1 Evacuation Pause) (mixed) 405M->369M(512M), 0.0042602 secs]
2020-10-29T23:03:41.910-0800: [GC pause (G1 Humongous Allocation) (young) (initial-mark) 369M->369M(512M), 0.0014113 secs]
2020-10-29T23:03:41.911-0800: [GC concurrent-root-region-scan-start]
2020-10-29T23:03:41.911-0800: [GC concurrent-root-region-scan-end, 0.0001001 secs]
2020-10-29T23:03:41.911-0800: [GC concurrent-mark-start]
2020-10-29T23:03:41.912-0800: [GC concurrent-mark-end, 0.0012894 secs]
2020-10-29T23:03:41.912-0800: [GC remark, 0.0012398 secs]
2020-10-29T23:03:41.914-0800: [GC cleanup 378M->378M(512M), 0.0006567 secs]
2020-10-29T23:03:41.918-0800: [GC pause (G1 Evacuation Pause) (young) 404M->379M(512M), 0.0032551 secs]
2020-10-29T23:03:41.927-0800: [GC pause (G1 Evacuation Pause) (mixed) 407M->376M(512M), 0.0058154 secs]
2020-10-29T23:03:41.933-0800: [GC pause (G1 Humongous Allocation) (young) (initial-mark) 378M->377M(512M), 0.0018826 secs]
2020-10-29T23:03:41.935-0800: [GC concurrent-root-region-scan-start]
2020-10-29T23:03:41.935-0800: [GC concurrent-root-region-scan-end, 0.0001528 secs]
2020-10-29T23:03:41.935-0800: [GC concurrent-mark-start]
2020-10-29T23:03:41.937-0800: [GC concurrent-mark-end, 0.0011549 secs]
2020-10-29T23:03:41.937-0800: [GC remark, 0.0014519 secs]
2020-10-29T23:03:41.938-0800: [GC cleanup 386M->386M(512M), 0.0007094 secs]
2020-10-29T23:03:41.942-0800: [GC pause (G1 Evacuation Pause) (young) 404M->384M(512M), 0.0019808 secs]
2020-10-29T23:03:41.949-0800: [GC pause (G1 Evacuation Pause) (mixed) 411M->376M(512M), 0.0041591 secs]
2020-10-29T23:03:41.953-0800: [GC pause (G1 Humongous Allocation) (young) (initial-mark) 377M->375M(512M), 0.0021988 secs]
2020-10-29T23:03:41.956-0800: [GC concurrent-root-region-scan-start]
2020-10-29T23:03:41.956-0800: [GC concurrent-root-region-scan-end, 0.0000972 secs]
2020-10-29T23:03:41.956-0800: [GC concurrent-mark-start]
2020-10-29T23:03:41.958-0800: [GC concurrent-mark-end, 0.0019831 secs]
2020-10-29T23:03:41.958-0800: [GC remark, 0.0015467 secs]
2020-10-29T23:03:41.960-0800: [GC cleanup 385M->385M(512M), 0.0009090 secs]
执行结束!共生成对象次数:9809
```
1. G1GC一般步骤
    1. 多次[GC pause (G1 Evacuation Pause) (young) 年轻代模式转移暂停
    2.  并发标记
        1. (initial-mark)
        2. concurrent-root-region
        3. concurrent-mark
        4. remark
        5. cleanup
    3. [GC pause (G1 Evacuation Pause) (mixed) 转移暂停（混合）
    
# 第二题
## 问题
使用压测工具(wrk或sb)，演练gateway-server-0.0.1-SNAPSHOT.jar 示例。
## 答案
```shell script
➜  03-GC日志分析 wrk -v
wrk  [kqueue] Copyright (C) 2012 Will Glozer
Usage: wrk <options> <url>
  Options:
    -c, --connections <N>  Connections to keep open
    -d, --duration    <T>  Duration of test
    -t, --threads     <N>  Number of threads to use

    -s, --script      <S>  Load Lua script file
    -H, --header      <H>  Add header to request
        --latency          Print latency statistics
        --timeout     <T>  Socket/request timeout
    -v, --version          Print version details

  Numeric arguments may include a SI unit (1k, 1M, 1G)
  Time arguments may include a time unit (2s, 2m, 2h)
➜  03-GC日志分析 wrk -t10 -c20 http://localhost:8088/api/hello
Running 10s test @ http://localhost:8088/api/hello
  10 threads and 20 connections
  Thread Stats   Avg      Stdev     Max   +/- Stdev
    Latency   463.30us    2.67ms  60.44ms   99.29%
    Req/Sec     7.14k     0.88k    8.43k    76.93%
  717381 requests in 10.10s, 85.65MB read
Requests/sec:  71028.39
Transfer/sec:      8.48MB
```
命令参数说明：
-c, --connections: 跟服务器建立并保持的TCP连接数量  

-d, --duration:    持续压测时间, 比如: 2s, 2m, 2h

-t, --threads:     总线程数

-s, --script:      lua脚本,使用方法见https://juejin.im/post/6844903550288396296

-H, --header:      添加http header, 比如. "User-Agent: wrk"

    --latency:     在控制台打印出延迟统计情况

    --timeout:     http超时时间

关于线程数，并不是设置的越大，压测效果越好，线程设置过大，反而会导致线程切换过于频繁，效果降低，一般来说，推荐设置成压测机器 CPU 核心数的 2 倍到 4 倍就行了。
压测结果：10线程，20个http连接跑10s，得到延迟平均463us，标准差2.67ms，最大40ms 正负一个标准差所占比例，为99%，每秒请求数，平均7140，标准差880最大8430，正负一个标准差所占比例为76.93%
总共请求717381次，读取数据85mb，qps：71028.39，每秒传输数据8.48MB

# 第三题
## 问题
写一段代码，使用 HttpClient 或 OkHttp 访问 http://localhost:8801，代码提交到 Github。
## 回答
```java
import java.io.File;
import java.net.URI;
import org.apache.commons.io.FileUtils;
import org.apache.http.client.methods.CloseableHttpResponse;
import org.apache.http.client.methods.HttpGet;
import org.apache.http.client.utils.URIBuilder;
import org.apache.http.impl.client.CloseableHttpClient;
import org.apache.http.impl.client.HttpClients;
import org.apache.http.util.EntityUtils;

public class DoGET {
    public static void main(String[] args) throws Exception {
        // 创建Httpclient对象
        CloseableHttpClient httpclient = HttpClients.createDefault();
        // 定义请求的参数
        URI uri = new URIBuilder("http://www.baidu.com/s").setParameter("wd", "java").build();
        // 创建http GET请求
        HttpGet httpGet = new HttpGet("http://localhost:8081");
        //response 对象
        CloseableHttpResponse response = null;
        try {
            // 执行http get请求
            response = httpclient.execute(httpGet);
            // 判断返回状态是否为200
            if (response.getStatusLine().getStatusCode() == 200) {
                String content = EntityUtils.toString(response.getEntity(), "UTF-8");
                //内容写入文件
                System.out.println(content);
            }
        } finally {
            if (response != null) {
                response.close();
            }
            httpclient.close();
        }
    }
}
```
